 trajectory_test

 Timestamp is 68f4ee95 (Sun Oct 19 19:28:45 2025)

 Preferred load address is 00400000

 Start         Length     Name                   Class
 0001:00000000 00000100H .text$di                CODE
 0001:00000100 00024d50H .text$mn                CODE
 0001:00024e50 00000889H .text$x                 CODE
 0001:000256d9 00000050H .text$yd                CODE
 0002:00000000 00000138H .idata$5                DATA
 0002:00000138 00000008H .00cfg                  DATA
 0002:00000140 00000004H .CRT$XCA                DATA
 0002:00000144 00000004H .CRT$XCAA               DATA
 0002:00000148 0000001cH .CRT$XCC                DATA
 0002:00000164 00000008H .CRT$XCL                DATA
 0002:0000016c 00000008H .CRT$XCU                DATA
 0002:00000174 00000004H .CRT$XCZ                DATA
 0002:00000178 00000004H .CRT$XIA                DATA
 0002:0000017c 00000004H .CRT$XIAA               DATA
 0002:00000180 00000004H .CRT$XIAC               DATA
 0002:00000184 00000018H .CRT$XIC                DATA
 0002:0000019c 00000004H .CRT$XIZ                DATA
 0002:000001a0 00000004H .CRT$XPA                DATA
 0002:000001a4 00000008H .CRT$XPX                DATA
 0002:000001ac 00000004H .CRT$XPXA               DATA
 0002:000001b0 00000004H .CRT$XPZ                DATA
 0002:000001b4 00000004H .CRT$XTA                DATA
 0002:000001b8 00000008H .CRT$XTZ                DATA
 0002:000001bc 00000000H .gfids$y                DATA
 0002:000001c0 00007b80H .rdata                  DATA
 0002:00007d40 00000000H .rdata$CastGuardVftablesA DATA
 0002:00007d40 00000000H .rdata$CastGuardVftablesC DATA
 0002:00007d40 000009c8H .rdata$r                DATA
 0002:00008708 000000b8H .rdata$sxdata           DATA
 0002:000087c0 000001e4H .rdata$voltmd           DATA
 0002:000089a4 0000032cH .rdata$zzzdbg           DATA
 0002:00008cd0 00000004H .rtc$IAA                DATA
 0002:00008cd4 00000004H .rtc$IZZ                DATA
 0002:00008cd8 00000004H .rtc$TAA                DATA
 0002:00008cdc 00000004H .rtc$TZZ                DATA
 0002:00008ce0 00001094H .xdata$x                DATA
 0002:00009d74 00000000H .edata                  DATA
 0002:00009d74 00000014H .idata$2                DATA
 0002:00009d88 00000014H .idata$3                DATA
 0002:00009d9c 00000138H .idata$4                DATA
 0002:00009ed4 000005a4H .idata$6                DATA
 0003:00000000 00000ac0H .data                   DATA
 0003:00000ac0 00000180H .data$r                 DATA
 0003:00000c40 00000310H .data$rs                DATA
 0003:00000f50 00000e10H .bss                    DATA

  Address         Publics by Value              Rva+Base       Lib:Object

 0000:00000000       ___AbsoluteZero            00000000     <absolute>
 0000:00000000       ___arm64x_extra_rfe_table  00000000     <absolute>
 0000:00000000       ___arm64x_extra_rfe_table_size 00000000     <absolute>
 0000:00000000       ___arm64x_native_entrypoint 00000000     <absolute>
 0000:00000000       ___arm64x_redirection_metadata 00000000     <absolute>
 0000:00000000       ___arm64x_redirection_metadata_count 00000000     <absolute>
 0000:00000000       ___dynamic_value_reloc_table 00000000     <absolute>
 0000:00000000       ___enclave_config          00000000     <absolute>
 0000:00000000       ___guard_check_icall_a64n_fptr 00000000     <absolute>
 0000:00000000       ___guard_eh_cont_count     00000000     <absolute>
 0000:00000000       ___guard_eh_cont_table     00000000     <absolute>
 0000:00000000       ___guard_fids_count        00000000     <absolute>
 0000:00000000       ___guard_fids_table        00000000     <absolute>
 0000:00000000       ___guard_iat_count         00000000     <absolute>
 0000:00000000       ___guard_iat_table         00000000     <absolute>
 0000:00000000       ___guard_longjmp_count     00000000     <absolute>
 0000:00000000       ___guard_longjmp_table     00000000     <absolute>
 0000:00000000       ___hybrid_auxiliary_delayload_iat 00000000     <absolute>
 0000:00000000       ___hybrid_auxiliary_delayload_iat_copy 00000000     <absolute>
 0000:00000000       ___hybrid_auxiliary_iat    00000000     <absolute>
 0000:00000000       ___hybrid_auxiliary_iat_copy 00000000     <absolute>
 0000:00000000       ___hybrid_code_map         00000000     <absolute>
 0000:00000000       ___hybrid_code_map_count   00000000     <absolute>
 0000:00000000       ___hybrid_image_info_bitfield 00000000     <absolute>
 0000:00000000       ___x64_code_ranges_to_entry_points 00000000     <absolute>
 0000:00000000       ___x64_code_ranges_to_entry_points_count 00000000     <absolute>
 0000:00000000       __except_list              00000000     <absolute>
 0000:0000002e       ___safe_se_handler_count   0000002e     <absolute>
 0000:00000100       ___guard_flags             00000100     <absolute>
 0000:00000000       ___ImageBase               00400000     <linker-defined>
 0001:00000100       _main                      00401100 f   main.obj
 0001:00000320       ??$?0$$V@?$_Compressed_pair@V?$allocator@D@std@@V?$_String_val@U?$_Simple_types@D@std@@@2@$00@std@@QAE@U_Zero_then_variadic_args_t@1@@Z 00401320 f i main.obj
 0001:00000350       ??$?0AAPAV_Facet_base@std@@@?$_Compressed_pair@U?$default_delete@V_Facet_base@std@@@std@@PAV_Facet_base@2@$00@std@@QAE@U_Zero_then_variadic_args_t@1@AAPAV_Facet_base@1@@Z 00401350 f i main.obj
 0001:00000380       ??$?0H$0A@@?$duration@_JU?$ratio@$00$0DOI@@std@@@chrono@std@@QAE@ABH@Z 00401380 f i main.obj
 0001:000003a0       ??$?0U?$default_delete@V_Facet_base@std@@@std@@$0A@@?$unique_ptr@V_Facet_base@std@@U?$default_delete@V_Facet_base@std@@@2@@std@@QAE@PAV_Facet_base@1@@Z 004013a0 f i main.obj
 0001:000003d0       ??$?0V?$allocator@D@std@@$$V@?$_Compressed_pair@V?$allocator@D@std@@V?$_String_val@U?$_Simple_types@D@std@@@2@$00@std@@QAE@U_One_then_variadic_args_t@1@$$QAV?$allocator@D@1@@Z 004013d0 f i main.obj
 0001:00000400       ??$?0_J$0A@@?$duration@_JU?$ratio@$00$00@std@@@chrono@std@@QAE@AB_J@Z 00401400 f i main.obj
 0001:00000400       ??$?0_J$0A@@?$duration@_JU?$ratio@$00$0DLJKMKAA@@std@@@chrono@std@@QAE@AB_J@Z 00401400 f i main.obj
 0001:00000400       ??$?0_J$0A@@?$duration@_JU?$ratio@$00$0DOI@@std@@@chrono@std@@QAE@AB_J@Z 00401400 f i main.obj
 0001:00000420       ??$?0_JU?$ratio@$00$0DOI@@std@@$0A@@?$duration@_JU?$ratio@$00$0DLJKMKAA@@std@@@chrono@std@@QAE@ABV?$duration@_JU?$ratio@$00$0DOI@@std@@@12@@Z 00401420 f i main.obj
 0001:00000460       ??$?6U?$char_traits@D@std@@@std@@YAAAV?$basic_ostream@DU?$char_traits@D@std@@@0@AAV10@PBD@Z 00401460 f i main.obj
 0001:00000740       ??$?GUsteady_clock@chrono@std@@V?$duration@_JU?$ratio@$00$0DLJKMKAA@@std@@@12@V312@@chrono@std@@YA?AV?$duration@_JU?$ratio@$00$0DLJKMKAA@@std@@@01@ABV?$time_point@Usteady_clock@chrono@std@@V?$duration@_JU?$ratio@$00$0DLJKMKAA@@std@@@23@@01@0@Z 00401740 f i main.obj
 0001:00000780       ??$?GUsteady_clock@chrono@std@@V?$duration@_JU?$ratio@$00$0DLJKMKAA@@std@@@12@_JU?$ratio@$00$0DLJKMKAA@@2@@chrono@std@@YA?AV?$time_point@Usteady_clock@chrono@std@@V?$duration@_JU?$ratio@$00$0DLJKMKAA@@std@@@23@@01@ABV201@ABV?$duration@_JU?$ratio@$00$0DLJKMKAA@@std@@@01@@Z 00401780 f i main.obj
 0001:000007c0       ??$?G_JU?$ratio@$00$0DLJKMKAA@@std@@_JU01@@chrono@std@@YA?AV?$duration@_JU?$ratio@$00$0DLJKMKAA@@std@@@01@ABV201@0@Z 004017c0 f i main.obj
 0001:00000820       ??$?G_JU?$ratio@$00$0DOI@@std@@_JU?$ratio@$00$0DLJKMKAA@@1@@chrono@std@@YA?AV?$duration@_JU?$ratio@$00$0DLJKMKAA@@std@@@01@ABV?$duration@_JU?$ratio@$00$0DOI@@std@@@01@ABV201@@Z 00401820 f i main.obj
 0001:00000880       ??$?MUsteady_clock@chrono@std@@V?$duration@_JU?$ratio@$00$0DLJKMKAA@@std@@@12@V312@@chrono@std@@YA_NABV?$time_point@Usteady_clock@chrono@std@@V?$duration@_JU?$ratio@$00$0DLJKMKAA@@std@@@23@@01@0@Z 00401880 f i main.obj
 0001:000008b0       ??$?M_JU?$ratio@$00$0DLJKMKAA@@std@@_JU01@@chrono@std@@YA_NABV?$duration@_JU?$ratio@$00$0DLJKMKAA@@std@@@01@0@Z 004018b0 f i main.obj
 0001:00000920       ??$?M_JU?$ratio@$00$0DOI@@std@@_JU?$ratio@$00$0DLJKMKAA@@1@@chrono@std@@YA_NABV?$duration@_JU?$ratio@$00$0DOI@@std@@@01@ABV?$duration@_JU?$ratio@$00$0DLJKMKAA@@std@@@01@@Z 00401920 f i main.obj
 0001:00000990       ??$?NUsteady_clock@chrono@std@@V?$duration@_JU?$ratio@$00$0DLJKMKAA@@std@@@12@V312@@chrono@std@@YA_NABV?$time_point@Usteady_clock@chrono@std@@V?$duration@_JU?$ratio@$00$0DLJKMKAA@@std@@@23@@01@0@Z 00401990 f i main.obj
 0001:000009d0       ??$?O_JU?$ratio@$00$0DLJKMKAA@@std@@_JU01@@chrono@std@@YA_NABV?$duration@_JU?$ratio@$00$0DLJKMKAA@@std@@@01@0@Z 004019d0 f i main.obj
 0001:000009f0       ??$?O_JU?$ratio@$00$0DLJKMKAA@@std@@_JU?$ratio@$00$0DOI@@1@@chrono@std@@YA_NABV?$duration@_JU?$ratio@$00$0DLJKMKAA@@std@@@01@ABV?$duration@_JU?$ratio@$00$0DOI@@std@@@01@@Z 004019f0 f i main.obj
 0001:00000a10       ??$_Adl_verify_range@PADPBD@std@@YAXABQADABQBD@Z 00401a10 f i main.obj
 0001:00000a10       ??$_Adl_verify_range@PBDPBD@std@@YAXABQBD0@Z 00401a10 f i main.obj
 0001:00000a10       ??$_Destroy_in_place@PAD@std@@YAXAAPAD@Z 00401a10 f i main.obj
 0001:00000a20       ??$_Allocate@$07U_Default_allocate_traits@std@@@std@@YAPAXI@Z 00401a20 f i main.obj
 0001:00000a60       ??$_Allocate_at_least_helper@V?$allocator@D@std@@@std@@YAPADAAV?$allocator@D@0@AAI@Z 00401a60 f i main.obj
 0001:00000a80       ??$_Allocate_for_capacity@$0A@@?$basic_string@DU?$char_traits@D@std@@V?$allocator@D@2@@std@@CAPADAAV?$allocator@D@1@AAI@Z 00401a80 f i main.obj
 0001:00000ac0       ??$_Allocate_manually_vector_aligned@U_Default_allocate_traits@std@@@std@@YAPAXI@Z 00401ac0 f i main.obj
 0001:00000b30       ??$_Bit_cast@IT_Addr_storage@error_category@std@@$0A@@std@@YAIABT_Addr_storage@error_category@0@@Z 00401b30 f i main.obj
 0001:00000b50       ??$_Clamped_rel_time_ms_count@V?$duration@_JU?$ratio@$00$0DLJKMKAA@@std@@@chrono@std@@@std@@YA?AU_Clamped_rel_time_ms_count_result@0@ABV?$duration@_JU?$ratio@$00$0DLJKMKAA@@std@@@chrono@0@@Z 00401b50 f i main.obj
 0001:00000bc0       ??$_Construct@$00PBD@?$basic_string@DU?$char_traits@D@std@@V?$allocator@D@2@@std@@AAEXQBDI@Z 00401bc0 f i main.obj
 0001:00000d00       ??$_Construct@$01PBD@?$basic_string@DU?$char_traits@D@std@@V?$allocator@D@2@@std@@AAEXQBDI@Z 00401d00 f i main.obj
 0001:00000e00       ??$_Construct@$0A@D@?$basic_string@DU?$char_traits@D@std@@V?$allocator@D@2@@std@@AAEXDI@Z 00401e00 f i main.obj
 0001:00000f40       ??$_Construct_in_place@PADAAPAD@std@@YAXAAPAD0@Z 00401f40 f i main.obj
 0001:00000f40       ??$_Construct_in_place@PADABQAD@std@@YAXAAPADABQAD@Z 00401f40 f i main.obj
 0001:00000f80       ??$_Convert_size@II@std@@YAII@Z 00401f80 f i main.obj
 0001:00000f80       ??$_Unfancy@D@std@@YAPADPAD@Z 00401f80 f i main.obj
 0001:00000f80       ??$addressof@PAD@std@@YAPAPADAAPAD@Z 00401f80 f i main.obj
 0001:00000f80       ??$addressof@V?$_String_val@U?$_Simple_types@D@std@@@std@@@std@@YAPAV?$_String_val@U?$_Simple_types@D@std@@@0@AAV10@@Z 00401f80 f i main.obj
 0001:00000f80       ??$addressof@V?$basic_ostream@DU?$char_traits@D@std@@@std@@@std@@YAPAV?$basic_ostream@DU?$char_traits@D@std@@@0@AAV10@@Z 00401f80 f i main.obj
 0001:00000f80       ??$addressof@V?$basic_string@DU?$char_traits@D@std@@V?$allocator@D@2@@std@@@std@@YAPAV?$basic_string@DU?$char_traits@D@std@@V?$allocator@D@2@@0@AAV10@@Z 00401f80 f i main.obj
 0001:00000f80       ??$forward@AAPAD@std@@YAAAPADAAPAD@Z 00401f80 f i main.obj
 0001:00000f80       ??$forward@AAPAV_Facet_base@std@@@std@@YAAAPAV_Facet_base@0@AAPAV10@@Z 00401f80 f i main.obj
 0001:00000f80       ??$forward@ABQAD@std@@YAABQADABQAD@Z 00401f80 f i main.obj
 0001:00000f80       ??$forward@V?$allocator@D@std@@@std@@YA$$QAV?$allocator@D@0@AAV10@@Z 00401f80 f i main.obj
 0001:00000f80       ??$move@AAV?$allocator@D@std@@@std@@YA$$QAV?$allocator@D@0@AAV10@@Z 00401f80 f i main.obj
 0001:00000f80       ??$move@AAV?$basic_string@DU?$char_traits@D@std@@V?$allocator@D@2@@std@@@std@@YA$$QAV?$basic_string@DU?$char_traits@D@std@@V?$allocator@D@2@@0@AAV10@@Z 00401f80 f i main.obj
 0001:00000f80       ?select_on_container_copy_construction@?$_Default_allocator_traits@V?$allocator@D@std@@@std@@SA?AV?$allocator@D@2@ABV32@@Z 00401f80 f i main.obj
 0001:00000f90       ??$_Deallocate@$07@std@@YAXPAXI@Z 00401f90 f i main.obj
 0001:00000ff0       ??$_Float_put_desired_precision@N@std@@YAH_JH@Z 00401ff0 f i main.obj
 0001:00000ff0       ??$_Float_put_desired_precision@O@std@@YAH_JH@Z 00401ff0 f i main.obj
 0001:00001080       ??$_Fput_v3@$0A@@?$num_put@DV?$ostreambuf_iterator@DU?$char_traits@D@std@@@std@@@std@@ABE?AV?$ostreambuf_iterator@DU?$char_traits@D@std@@@1@V21@AAVios_base@1@DPBDI_N@Z 00402080 f i main.obj
 0001:00001580       ??$_Get_size_of_n@$00@std@@YAII@Z 00402580 f i main.obj
 0001:00001590       ??$_Getvals@D@?$numpunct@D@std@@IAEXDPBUlconv@@U_Cvtvec@@@Z 00402590 f i main.obj
 0001:000015f0       ??$_Immortalize_memcpy_image@V_Iostream_error_category2@std@@@std@@YAABV_Iostream_error_category2@0@XZ 004025f0 f i main.obj
 0001:00001600       ??$_Maklocchr@D@std@@YADDPADABU_Cvtvec@@@Z 00402600 f i main.obj
 0001:00001600       ?to_int_type@?$_Narrow_char_traits@DH@std@@SAHD@Z 00402600 f i main.obj
 0001:00001610       ??$_Maklocstr@D@std@@YAPADPBDPADABU_Cvtvec@@@Z 00402610 f i main.obj
 0001:00001690       ??$_Max_limit@H@std@@YAHXZ 00402690 f i main.obj
 0001:000016b0       ??$_Pocma@V?$allocator@D@std@@@std@@YAXAAV?$allocator@D@0@0@Z 004026b0 f i main.obj
 0001:000016d0       ??$_Reallocate_grow_by@V<lambda_6607a66f2a10a1261ff9db96cba1015b>@@IID@?$basic_string@DU?$char_traits@D@std@@V?$allocator@D@2@@std@@AAEAAV01@IV<lambda_6607a66f2a10a1261ff9db96cba1015b>@@IID@Z 004026d0 f i main.obj
 0001:00001800       ??$_Reallocate_grow_by@V<lambda_ab246b20b9526e2ef7792587e4298a77>@@PBDI@?$basic_string@DU?$char_traits@D@std@@V?$allocator@D@2@@std@@AAEAAV01@IV<lambda_ab246b20b9526e2ef7792587e4298a77>@@PBDI@Z 00402800 f i main.obj
 0001:00001920       ??$_Reallocate_grow_by@V<lambda_c1b8c41cb4019640539cfd828748c4d4>@@ID@?$basic_string@DU?$char_traits@D@std@@V?$allocator@D@2@@std@@AAEAAV01@IV<lambda_c1b8c41cb4019640539cfd828748c4d4>@@ID@Z 00402920 f i main.obj
 0001:00001a40       ??$_To_absolute_time@_JU?$ratio@$00$0DLJKMKAA@@std@@@std@@YA?A_PABV?$duration@_JU?$ratio@$00$0DLJKMKAA@@std@@@chrono@0@@Z 00402a40 f i main.obj
 0001:00001af0       ??$ceil@V?$duration@_JU?$ratio@$00$0DOI@@std@@@chrono@std@@_JU?$ratio@$00$0DLJKMKAA@@3@$0A@@chrono@std@@YA?AV?$duration@_JU?$ratio@$00$0DOI@@std@@@01@ABV?$duration@_JU?$ratio@$00$0DLJKMKAA@@std@@@01@@Z 00402af0 f i main.obj
 0001:00001b60       ??$duration_cast@V?$duration@_JU?$ratio@$00$00@std@@@chrono@std@@_JU?$ratio@$00$0DLJKMKAA@@3@$0A@@chrono@std@@YA?AV?$duration@_JU?$ratio@$00$00@std@@@01@ABV?$duration@_JU?$ratio@$00$0DLJKMKAA@@std@@@01@@Z 00402b60 f i main.obj
 0001:00001ba0       ??$duration_cast@V?$duration@_JU?$ratio@$00$0DLJKMKAA@@std@@@chrono@std@@_JU?$ratio@$00$0DLJKMKAA@@3@$0A@@chrono@std@@YA?AV?$duration@_JU?$ratio@$00$0DLJKMKAA@@std@@@01@ABV201@@Z 00402ba0 f i main.obj
 0001:00001bd0       ??$duration_cast@V?$duration@_JU?$ratio@$00$0DLJKMKAA@@std@@@chrono@std@@_JU?$ratio@$00$0DOI@@3@$0A@@chrono@std@@YA?AV?$duration@_JU?$ratio@$00$0DLJKMKAA@@std@@@01@ABV?$duration@_JU?$ratio@$00$0DOI@@std@@@01@@Z 00402bd0 f i main.obj
 0001:00001c10       ??$duration_cast@V?$duration@_JU?$ratio@$00$0DOI@@std@@@chrono@std@@_JU?$ratio@$00$0DLJKMKAA@@3@$0A@@chrono@std@@YA?AV?$duration@_JU?$ratio@$00$0DOI@@std@@@01@ABV?$duration@_JU?$ratio@$00$0DLJKMKAA@@std@@@01@@Z 00402c10 f i main.obj
 0001:00001c50       ??$endl@DU?$char_traits@D@std@@@std@@YAAAV?$basic_ostream@DU?$char_traits@D@std@@@0@AAV10@@Z 00402c50 f i main.obj
 0001:00001c80       ??$exchange@PAV_Facet_base@std@@$$T@std@@YAPAV_Facet_base@0@AAPAV10@$$QA$$T@Z 00402c80 f i main.obj
 0001:00001ca0       ??$flush@DU?$char_traits@D@std@@@std@@YAAAV?$basic_ostream@DU?$char_traits@D@std@@@0@AAV10@@Z 00402ca0 f i main.obj
 0001:00001cb0       ??$isfinite@N@@YA_NN@Z     00402cb0 f i main.obj
 0001:00001cf0       ??$isfinite@O@@YA_NO@Z     00402cf0 f i main.obj
 0001:00001d30       ??$max@I@std@@YAABIABI0@Z  00402d30 f i main.obj
 0001:00001d60       ??$min@I@std@@YAABIABI0@Z  00402d60 f i main.obj
 0001:00001d90       ??$sleep_for@_JU?$ratio@$00$0DLJKMKAA@@std@@@this_thread@std@@YAXABV?$duration@_JU?$ratio@$00$0DLJKMKAA@@std@@@chrono@1@@Z 00402d90 f i main.obj
 0001:00001dc0       ??$sleep_until@Usteady_clock@chrono@std@@V?$duration@_JU?$ratio@$00$0DLJKMKAA@@std@@@23@@this_thread@std@@YAXABV?$time_point@Usteady_clock@chrono@std@@V?$duration@_JU?$ratio@$00$0DLJKMKAA@@std@@@23@@chrono@1@@Z 00402dc0 f i main.obj
 0001:00001e30       ??$use_facet@V?$ctype@D@std@@@std@@YAABV?$ctype@D@0@ABVlocale@0@@Z 00402e30 f i main.obj
 0001:00001f50       ??$use_facet@V?$num_put@DV?$ostreambuf_iterator@DU?$char_traits@D@std@@@std@@@std@@@std@@YAABV?$num_put@DV?$ostreambuf_iterator@DU?$char_traits@D@std@@@std@@@0@ABVlocale@0@@Z 00402f50 f i main.obj
 0001:00002060       ??$use_facet@V?$numpunct@D@std@@@std@@YAABV?$numpunct@D@0@ABVlocale@0@@Z 00403060 f i main.obj
 0001:00002170       ??0?$_String_val@U?$_Simple_types@D@std@@@std@@QAE@XZ 00403170 f i main.obj
 0001:000021a0       ??0?$_Yarn@D@std@@QAE@XZ   004031a0 f i main.obj
 0001:000021c0       ??0?$_Yarn@_W@std@@QAE@XZ  004031c0 f i main.obj
 0001:000021e0       ??0?$allocator@D@std@@QAE@XZ 004031e0 f i main.obj
 0001:000021e0       ??D?$ostreambuf_iterator@DU?$char_traits@D@std@@@std@@QAEAAV01@XZ 004031e0 f i main.obj
 0001:000021e0       ??E?$ostreambuf_iterator@DU?$char_traits@D@std@@@std@@QAEAAV01@XZ 004031e0 f i main.obj
 0001:000021e0       ?_Get_first@?$_Compressed_pair@U?$default_delete@V_Facet_base@std@@@std@@PAV_Facet_base@2@$00@std@@QAEAAU?$default_delete@V_Facet_base@std@@@2@XZ 004031e0 f i main.obj
 0001:000021e0       ?_Get_first@?$_Compressed_pair@V?$allocator@D@std@@V?$_String_val@U?$_Simple_types@D@std@@@2@$00@std@@QAEAAV?$allocator@D@2@XZ 004031e0 f i main.obj
 0001:000021e0       ?_Get_first@?$_Compressed_pair@V?$allocator@D@std@@V?$_String_val@U?$_Simple_types@D@std@@@2@$00@std@@QBEABV?$allocator@D@2@XZ 004031e0 f i main.obj
 0001:000021f0       ??0?$basic_string@DU?$char_traits@D@std@@V?$allocator@D@2@@std@@QAE@$$QAV01@@Z 004031f0 f i main.obj
 0001:00002240       ??0?$basic_string@DU?$char_traits@D@std@@V?$allocator@D@2@@std@@QAE@ABV01@@Z 00403240 f i main.obj
 0001:000022d0       ??0?$basic_string@DU?$char_traits@D@std@@V?$allocator@D@2@@std@@QAE@ID@Z 004032d0 f i main.obj
 0001:00002340       ??0?$basic_string@DU?$char_traits@D@std@@V?$allocator@D@2@@std@@QAE@QBD@Z 00403340 f i main.obj
 0001:000023c0       ??0?$basic_string@DU?$char_traits@D@std@@V?$allocator@D@2@@std@@QAE@QBDI@Z 004033c0 f i main.obj
 0001:00002430       ??0?$basic_string@DU?$char_traits@D@std@@V?$allocator@D@2@@std@@QAE@XZ 00403430 f i main.obj
 0001:00002490       ??0?$ctype@D@std@@QAE@ABV_Locinfo@1@I@Z 00403490 f i main.obj
 0001:00002500       ??0?$num_put@DV?$ostreambuf_iterator@DU?$char_traits@D@std@@@std@@@std@@QAE@ABV_Locinfo@1@I@Z 00403500 f i main.obj
 0001:00002570       ??0?$numpunct@D@std@@QAE@ABV_Locinfo@1@I_N@Z 00403570 f i main.obj
 0001:000025e0       ??0?$ostreambuf_iterator@DU?$char_traits@D@std@@@std@@QAE@PAV?$basic_streambuf@DU?$char_traits@D@std@@@1@@Z 004035e0 f i main.obj
 0001:00002600       ??0?$time_point@Usteady_clock@chrono@std@@V?$duration@_JU?$ratio@$00$0DLJKMKAA@@std@@@23@@chrono@std@@QAE@ABV?$duration@_JU?$ratio@$00$0DLJKMKAA@@std@@@12@@Z 00403600 f i main.obj
 0001:00002620       ??0_Bxty@?$_String_val@U?$_Simple_types@D@std@@@std@@QAE@XZ 00403620 f i main.obj
 0001:00002640       ??0_Facet_base@std@@QAE@XZ 00403640 f i main.obj
 0001:00002660       ??0_Fake_proxy_ptr_impl@std@@QAE@ABU_Fake_allocator@1@ABU_Container_base0@1@@Z 00403660 f i main.obj
 0001:00002670       ??0_Locinfo@std@@QAE@PBD@Z 00403670 f i main.obj
 0001:00002740       ??0_Sentry_base@?$basic_ostream@DU?$char_traits@D@std@@@std@@QAE@AAV12@@Z 00403740 f i main.obj
 0001:00002790       ??0_System_error@std@@IAE@Verror_code@1@ABV?$basic_string@DU?$char_traits@D@std@@V?$allocator@D@2@@1@@Z 00403790 f i main.obj
 0001:00002850       ??0_System_error@std@@QAE@ABV01@@Z 00403850 f i main.obj
 0001:00002890       ??0bad_alloc@std@@AAE@QBD@Z 00403890 f i main.obj
 0001:000028c0       ??0bad_alloc@std@@QAE@ABV01@@Z 004038c0 f i main.obj
 0001:000028f0       ??0bad_array_new_length@std@@QAE@ABV01@@Z 004038f0 f i main.obj
 0001:00002920       ??0bad_array_new_length@std@@QAE@XZ 00403920 f i main.obj
 0001:00002950       ??0bad_cast@std@@QAE@ABV01@@Z 00403950 f i main.obj
 0001:00002980       ??0bad_cast@std@@QAE@XZ    00403980 f i main.obj
 0001:000029b0       ??0ctype_base@std@@QAE@I@Z 004039b0 f i main.obj
 0001:000029e0       ??0error_code@std@@QAE@HABVerror_category@1@@Z 004039e0 f i main.obj
 0001:000029e0       ??0error_condition@std@@QAE@HABVerror_category@1@@Z 004039e0 f i main.obj
 0001:00002a10       ??0exception@std@@QAE@ABV01@@Z 00403a10 f i main.obj
 0001:00002a50       ??0exception@std@@QAE@QBD@Z 00403a50 f i main.obj
 0001:00002aa0       ??0exception@std@@QAE@QBDH@Z 00403aa0 f i main.obj
 0001:00002ad0       ??0facet@locale@std@@IAE@I@Z 00403ad0 f i main.obj
 0001:00002b00       ??0failure@ios_base@std@@QAE@ABV012@@Z 00403b00 f i main.obj
 0001:00002b30       ??0failure@ios_base@std@@QAE@PBDABVerror_code@2@@Z 00403b30 f i main.obj
 0001:00002b60       ??0id@locale@std@@QAE@I@Z  00403b60 f i main.obj
 0001:00002b80       ??0locale@std@@QAE@ABV01@@Z 00403b80 f i main.obj
 0001:00002bb0       ??0runtime_error@std@@QAE@ABV01@@Z 00403bb0 f i main.obj
 0001:00002be0       ??0runtime_error@std@@QAE@ABV?$basic_string@DU?$char_traits@D@std@@V?$allocator@D@2@@1@@Z 00403be0 f i main.obj
 0001:00002c10       ??0sentry@?$basic_ostream@DU?$char_traits@D@std@@@std@@QAE@AAV12@@Z 00403c10 f i main.obj
 0001:00002ce0       ??0system_error@std@@QAE@ABV01@@Z 00403ce0 f i main.obj
 0001:00002d10       ??0system_error@std@@QAE@Verror_code@1@PBD@Z 00403d10 f i main.obj
 0001:00002da0       ??1?$_Compressed_pair@V?$allocator@D@std@@V?$_String_val@U?$_Simple_types@D@std@@@2@$00@std@@QAE@XZ 00403da0 f i main.obj
 0001:00002dc0       ??1?$_String_val@U?$_Simple_types@D@std@@@std@@QAE@XZ 00403dc0 f i main.obj
 0001:00002dc0       ??1_Iostream_error_category2@std@@UAE@XZ 00403dc0 f i main.obj
 0001:00002de0       ??1?$_Tidy_guard@V?$numpunct@D@std@@@std@@QAE@XZ 00403de0 f i main.obj
 0001:00002e00       ??1?$_Yarn@D@std@@QAE@XZ   00403e00 f i main.obj
 0001:00002e00       ??1?$_Yarn@_W@std@@QAE@XZ  00403e00 f i main.obj
 0001:00002e20       ??1?$basic_string@DU?$char_traits@D@std@@V?$allocator@D@2@@std@@QAE@XZ 00403e20 f i main.obj
 0001:00002e40       ??1?$ctype@D@std@@MAE@XZ   00403e40 f i main.obj
 0001:00002e70       ??1?$num_put@DV?$ostreambuf_iterator@DU?$char_traits@D@std@@@std@@@std@@MAE@XZ 00403e70 f i main.obj
 0001:00002e90       ??1?$numpunct@D@std@@MAE@XZ 00403e90 f i main.obj
 0001:00002ec0       ??1?$unique_ptr@V_Facet_base@std@@U?$default_delete@V_Facet_base@std@@@2@@std@@QAE@XZ 00403ec0 f i main.obj
 0001:00002ef0       ??1_Bxty@?$_String_val@U?$_Simple_types@D@std@@@std@@QAE@XZ 00403ef0 f i main.obj
 0001:00002ef0       ??1error_category@std@@UAE@XZ 00403ef0 f i main.obj
 0001:00002ef0       ?_Activate_SSO_buffer@?$_String_val@U?$_Simple_types@D@std@@@std@@QAEXXZ 00403ef0 f i main.obj
 0001:00002ef0       ?_Orphan_all@_Container_base0@std@@QAEXXZ 00403ef0 f i main.obj
 0001:00002ef0       ?_Release@_Fake_proxy_ptr_impl@std@@QAEXXZ 00403ef0 f i main.obj
 0001:00002f00       ??1_Facet_base@std@@UAE@XZ 00403f00 f i main.obj
 0001:00002f20       ??1_Locinfo@std@@QAE@XZ    00403f20 f i main.obj
 0001:00002fc0       ??1_Sentry_base@?$basic_ostream@DU?$char_traits@D@std@@@std@@QAE@XZ 00403fc0 f i main.obj
 0001:00003030       ??1_System_error@std@@UAE@XZ 00404030 f i main.obj
 0001:00003030       ??1bad_array_new_length@std@@UAE@XZ 00404030 f i main.obj
 0001:00003050       ??1bad_alloc@std@@UAE@XZ   00404050 f i main.obj
 0001:00003050       ??1bad_cast@std@@UAE@XZ    00404050 f i main.obj
 0001:00003050       ??1runtime_error@std@@UAE@XZ 00404050 f i main.obj
 0001:00003070       ??1ctype_base@std@@UAE@XZ  00404070 f i main.obj
 0001:00003090       ??1exception@std@@UAE@XZ   00404090 f i main.obj
 0001:000030c0       ??1facet@locale@std@@MAE@XZ 004040c0 f i main.obj
 0001:000030e0       ??1failure@ios_base@std@@UAE@XZ 004040e0 f i main.obj
 0001:00003100       ??1locale@std@@QAE@XZ      00404100 f i main.obj
 0001:00003150       ??1sentry@?$basic_ostream@DU?$char_traits@D@std@@@std@@QAE@XZ 00404150 f i main.obj
 0001:000031a0       ??1system_error@std@@UAE@XZ 004041a0 f i main.obj
 0001:000031c0       ??2@YAPAXIPAX@Z            004041c0 f i main.obj
 0001:000031d0       ??4?$basic_string@DU?$char_traits@D@std@@V?$allocator@D@2@@std@@QAEAAV01@$$QAV01@@Z 004041d0 f i main.obj
 0001:00003240       ??4?$ostreambuf_iterator@DU?$char_traits@D@std@@@std@@QAEAAV01@D@Z 00404240 f i main.obj
 0001:00003290       ??6?$basic_ostream@DU?$char_traits@D@std@@@std@@QAEAAV01@G@Z 00404290 f i main.obj
 0001:00003410       ??6?$basic_ostream@DU?$char_traits@D@std@@@std@@QAEAAV01@H@Z 00404410 f i main.obj
 0001:000035d0       ??6?$basic_ostream@DU?$char_traits@D@std@@@std@@QAEAAV01@P6AAAV01@AAV01@@Z@Z 004045d0 f i main.obj
 0001:000035f0       ??6?$basic_ostream@DU?$char_traits@D@std@@@std@@QAEAAV01@_J@Z 004045f0 f i main.obj
 0001:00003770       ??8error_category@std@@QBE_NABV01@@Z 00404770 f i main.obj
 0001:000037c0       ??8std@@YA_NABVerror_condition@0@0@Z 004047c0 f i main.obj
 0001:00003820       ??A?$basic_string@DU?$char_traits@D@std@@V?$allocator@D@2@@std@@QAEAADI@Z 00404820 f i main.obj
 0001:00003820       ??A?$basic_string@DU?$char_traits@D@std@@V?$allocator@D@2@@std@@QBEABDI@Z 00404820 f i main.obj
 0001:00003840       ??Bid@locale@std@@QAEIXZ   00404840 f i main.obj
 0001:00003890       ??Bsentry@?$basic_ostream@DU?$char_traits@D@std@@@std@@QBE_NXZ 00404890 f i main.obj
 0001:000038b0       ??R<lambda_6607a66f2a10a1261ff9db96cba1015b>@@QBE@QADQBDIIID@Z 004048b0 f i main.obj
 0001:00003910       ??R<lambda_ab246b20b9526e2ef7792587e4298a77>@@QBE@QADQBDI1I@Z 00404910 f i main.obj
 0001:00003970       ??R<lambda_c1b8c41cb4019640539cfd828748c4d4>@@QBE@QADQBDIID@Z 00404970 f i main.obj
 0001:000039d0       ??R?$default_delete@V_Facet_base@std@@@std@@QBEXPAV_Facet_base@1@@Z 004049d0 f i main.obj
 0001:00003a10       ??Y?$duration@_JU?$ratio@$00$0DLJKMKAA@@std@@@chrono@std@@QAEAAV012@ABV012@@Z 00404a10 f i main.obj
 0001:00003a40       ??Y?$time_point@Usteady_clock@chrono@std@@V?$duration@_JU?$ratio@$00$0DLJKMKAA@@std@@@23@@chrono@std@@QAEAAV012@ABV?$duration@_JU?$ratio@$00$0DLJKMKAA@@std@@@12@@Z 00404a40 f i main.obj
 0001:00003a60       ??_E?$ctype@D@std@@MAEPAXI@Z 00404a60 f i main.obj
 0001:00003a60       ??_G?$ctype@D@std@@MAEPAXI@Z 00404a60 f i main.obj
 0001:00003a90       ??_E?$num_put@DV?$ostreambuf_iterator@DU?$char_traits@D@std@@@std@@@std@@MAEPAXI@Z 00404a90 f i main.obj
 0001:00003a90       ??_G?$num_put@DV?$ostreambuf_iterator@DU?$char_traits@D@std@@@std@@@std@@MAEPAXI@Z 00404a90 f i main.obj
 0001:00003ac0       ??_E?$numpunct@D@std@@MAEPAXI@Z 00404ac0 f i main.obj
 0001:00003ac0       ??_G?$numpunct@D@std@@MAEPAXI@Z 00404ac0 f i main.obj
 0001:00003af0       ??_E_Facet_base@std@@UAEPAXI@Z 00404af0 f i main.obj
 0001:00003af0       ??_G_Facet_base@std@@UAEPAXI@Z 00404af0 f i main.obj
 0001:00003b20       ??_E_Iostream_error_category2@std@@UAEPAXI@Z 00404b20 f i main.obj
 0001:00003b20       ??_G_Iostream_error_category2@std@@UAEPAXI@Z 00404b20 f i main.obj
 0001:00003b50       ??_E_System_error@std@@UAEPAXI@Z 00404b50 f i main.obj
 0001:00003b50       ??_G_System_error@std@@UAEPAXI@Z 00404b50 f i main.obj
 0001:00003b80       ??_Ebad_alloc@std@@UAEPAXI@Z 00404b80 f i main.obj
 0001:00003b80       ??_Ebad_cast@std@@UAEPAXI@Z 00404b80 f i main.obj
 0001:00003b80       ??_Eruntime_error@std@@UAEPAXI@Z 00404b80 f i main.obj
 0001:00003b80       ??_Gbad_alloc@std@@UAEPAXI@Z 00404b80 f i main.obj
 0001:00003b80       ??_Gbad_cast@std@@UAEPAXI@Z 00404b80 f i main.obj
 0001:00003b80       ??_Gruntime_error@std@@UAEPAXI@Z 00404b80 f i main.obj
 0001:00003bb0       ??_Ebad_array_new_length@std@@UAEPAXI@Z 00404bb0 f i main.obj
 0001:00003bb0       ??_Gbad_array_new_length@std@@UAEPAXI@Z 00404bb0 f i main.obj
 0001:00003be0       ??_Ectype_base@std@@UAEPAXI@Z 00404be0 f i main.obj
 0001:00003be0       ??_Gctype_base@std@@UAEPAXI@Z 00404be0 f i main.obj
 0001:00003c10       ??_Eexception@std@@UAEPAXI@Z 00404c10 f i main.obj
 0001:00003c10       ??_Gexception@std@@UAEPAXI@Z 00404c10 f i main.obj
 0001:00003c40       ??_Efacet@locale@std@@MAEPAXI@Z 00404c40 f i main.obj
 0001:00003c40       ??_Gfacet@locale@std@@MAEPAXI@Z 00404c40 f i main.obj
 0001:00003c70       ??_Efailure@ios_base@std@@UAEPAXI@Z 00404c70 f i main.obj
 0001:00003c70       ??_Gfailure@ios_base@std@@UAEPAXI@Z 00404c70 f i main.obj
 0001:00003ca0       ??_Esystem_error@std@@UAEPAXI@Z 00404ca0 f i main.obj
 0001:00003ca0       ??_Gsystem_error@std@@UAEPAXI@Z 00404ca0 f i main.obj
 0001:00003cd0       ?_Adjust_manually_vector_aligned@std@@YAXAAPAXAAI@Z 00404cd0 f i main.obj
 0001:00003d40       ?_Alloc_proxy@_Container_base0@std@@QAEXABU_Fake_allocator@2@@Z 00404d40 f i main.obj
 0001:00003d40       ?_Init@?$num_put@DV?$ostreambuf_iterator@DU?$char_traits@D@std@@@std@@@std@@IAEXABV_Locinfo@2@@Z 00404d40 f i main.obj
 0001:00003d40       ?_Swap_proxy_and_iterators@_Container_base0@std@@QAEXAAU12@@Z 00404d40 f i main.obj
 0001:00003d50       ?_Allocate@_Default_allocate_traits@std@@SAPAXI@Z 00404d50 f i main.obj
 0001:00003d70       ?_C_str@locale@std@@QBEPBDXZ 00404d70 f i main.obj
 0001:00003db0       ?_Calculate_growth@?$basic_string@DU?$char_traits@D@std@@V?$allocator@D@2@@std@@ABEII@Z 00404db0 f i main.obj
 0001:00003de0       ?_Calculate_growth@?$basic_string@DU?$char_traits@D@std@@V?$allocator@D@2@@std@@CAIIII@Z 00404de0 f i main.obj
 0001:00003e40       ?_Check_offset@?$_String_val@U?$_Simple_types@D@std@@@std@@QBEXI@Z 00404e40 f i main.obj
 0001:00003e60       ?_Construct_empty@?$basic_string@DU?$char_traits@D@std@@V?$allocator@D@2@@std@@AAEXXZ 00404e60 f i main.obj
 0001:00003ec0       ?_Deallocate_for_capacity@?$basic_string@DU?$char_traits@D@std@@V?$allocator@D@2@@std@@CAXAAV?$allocator@D@2@QADI@Z 00404ec0 f i main.obj
 0001:00003f10       ?_Decref@facet@locale@std@@UAEPAV_Facet_base@3@XZ 00404f10 f i main.obj
 0001:00003f40       ?_Eos@?$basic_string@DU?$char_traits@D@std@@V?$allocator@D@2@@std@@AAEXI@Z 00404f40 f i main.obj
 0001:00003f80       ?_Ffmt@?$num_put@DV?$ostreambuf_iterator@DU?$char_traits@D@std@@@std@@@std@@ABAPADPADDH@Z 00404f80 f i main.obj
 0001:000040a0       ?_Getal@?$basic_string@DU?$char_traits@D@std@@V?$allocator@D@2@@std@@AAEAAV?$allocator@D@2@XZ 004050a0 f i main.obj
 0001:000040a0       ?_Getal@?$basic_string@DU?$char_traits@D@std@@V?$allocator@D@2@@std@@ABEABV?$allocator@D@2@XZ 004050a0 f i main.obj
 0001:000040c0       ?_Getcat@?$ctype@D@std@@SAIPAPBVfacet@locale@2@PBV42@@Z 004050c0 f i main.obj
 0001:000041b0       ?_Getcat@?$num_put@DV?$ostreambuf_iterator@DU?$char_traits@D@std@@@std@@@std@@SAIPAPBVfacet@locale@2@PBV42@@Z 004051b0 f i main.obj
 0001:000042a0       ?_Getcat@?$numpunct@D@std@@SAIPAPBVfacet@locale@2@PBV42@@Z 004052a0 f i main.obj
 0001:00004390       ?_Getctype@_Locinfo@std@@QBE?AU_Ctypevec@@XZ 00405390 f i main.obj
 0001:000043e0       ?_Getcvt@_Locinfo@std@@QBE?AU_Cvtvec@@XZ 004053e0 f i main.obj
 0001:00004430       ?_Getfacet@locale@std@@QBEPBVfacet@12@I@Z 00405430 f i main.obj
 0001:000044b0       ?_Getfalse@_Locinfo@std@@QBEPBDXZ 004054b0 f i main.obj
 0001:000044c0       ?_Getlconv@_Locinfo@std@@QBEPBUlconv@@XZ 004054c0 f i main.obj
 0001:000044d0       ?_Gettrue@_Locinfo@std@@QBEPBDXZ 004054d0 f i main.obj
 0001:000044e0       ?_Ifmt@?$num_put@DV?$ostreambuf_iterator@DU?$char_traits@D@std@@@std@@@std@@ABAPADPADPBDH@Z 004054e0 f i main.obj
 0001:00004600       ?_Incref@facet@locale@std@@UAEXXZ 00405600 f i main.obj
 0001:00004620       ?_Init@?$ctype@D@std@@IAEXABV_Locinfo@2@@Z 00405620 f i main.obj
 0001:00004660       ?_Init@?$numpunct@D@std@@IAEXABV_Locinfo@2@_N@Z 00405660 f i main.obj
 0001:000047d0       ?_Iput@?$num_put@DV?$ostreambuf_iterator@DU?$char_traits@D@std@@@std@@@std@@ABA?AV?$ostreambuf_iterator@DU?$char_traits@D@std@@@2@V32@AAVios_base@2@DPADI@Z 004057d0 f i main.obj
 0001:00004bf0       ?_Large_mode_engaged@?$_String_val@U?$_Simple_types@D@std@@@std@@QBE_NXZ 00405bf0 f i main.obj
 0001:00004c20       ?_Makestr@_System_error@std@@CA?AV?$basic_string@DU?$char_traits@D@std@@V?$allocator@D@2@@2@Verror_code@2@V32@@Z 00405c20 f i main.obj
 0001:00004cf0       ?_Myptr@?$_String_val@U?$_Simple_types@D@std@@@std@@QAEPADXZ 00405cf0 f i main.obj
 0001:00004cf0       ?_Myptr@?$_String_val@U?$_Simple_types@D@std@@@std@@QBEPBDXZ 00405cf0 f i main.obj
 0001:00004d30       ?_Osfx@?$basic_ostream@DU?$char_traits@D@std@@@std@@QAEXXZ 00405d30 f i main.obj
 0001:00004e00       ?_Pnavail@?$basic_streambuf@DU?$char_traits@D@std@@@std@@IBE_JXZ 00405e00 f i main.obj
 0001:00004e30       ?_Pninc@?$basic_streambuf@DU?$char_traits@D@std@@@std@@IAEPADXZ 00405e30 f i main.obj
 0001:00004e80       ?_Put@?$num_put@DV?$ostreambuf_iterator@DU?$char_traits@D@std@@@std@@@std@@ABA?AV?$ostreambuf_iterator@DU?$char_traits@D@std@@@2@V32@PBDI@Z 00405e80 f i main.obj
 0001:00004ee0       ?_Rep@?$num_put@DV?$ostreambuf_iterator@DU?$char_traits@D@std@@@std@@@std@@ABA?AV?$ostreambuf_iterator@DU?$char_traits@D@std@@@2@V32@DI@Z 00405ee0 f i main.obj
 0001:00004f30       ?_Swap_proxy_and_iterators@?$basic_string@DU?$char_traits@D@std@@V?$allocator@D@2@@std@@AAEXAAV12@@Z 00405f30 f i main.obj
 0001:00004f50       ?_Switch_to_buf@_Bxty@?$_String_val@U?$_Simple_types@D@std@@@std@@QAEXXZ 00405f50 f i main.obj
 0001:00004f70       ?_Take_contents@?$basic_string@DU?$char_traits@D@std@@V?$allocator@D@2@@std@@AAEXAAV12@@Z 00405f70 f i main.obj
 0001:000050b0       ?_Throw_bad_array_new_length@std@@YAXXZ 004060b0 f i main.obj
 0001:000050e0       ?_Throw_bad_cast@std@@YAXXZ 004060e0 f i main.obj
 0001:00005110       ?_Tidy@?$_Yarn@D@std@@AAEXXZ 00406110 f i main.obj
 0001:00005110       ?_Tidy@?$_Yarn@_W@std@@AAEXXZ 00406110 f i main.obj
 0001:00005140       ?_Tidy@?$ctype@D@std@@IAEXXZ 00406140 f i main.obj
 0001:000051a0       ?_Tidy@?$numpunct@D@std@@AAEXXZ 004061a0 f i main.obj
 0001:000051e0       ?_Tidy_deallocate@?$basic_string@DU?$char_traits@D@std@@V?$allocator@D@2@@std@@AAEXXZ 004061e0 f i main.obj
 0001:00005270       ?_Xlen_string@std@@YAXXZ   00406270 f i main.obj
 0001:00005280       ?_Xran@?$_String_val@U?$_Simple_types@D@std@@@std@@SAXXZ 00406280 f i main.obj
 0001:00005290       ?allocate@?$allocator@D@std@@QAEPADI@Z 00406290 f i main.obj
 0001:000052c0       ?append@?$basic_string@DU?$char_traits@D@std@@V?$allocator@D@2@@std@@QAEAAV12@ABV12@@Z 004062c0 f i main.obj
 0001:000052f0       ?append@?$basic_string@DU?$char_traits@D@std@@V?$allocator@D@2@@std@@QAEAAV12@ID@Z 004062f0 f i main.obj
 0001:00005390       ?append@?$basic_string@DU?$char_traits@D@std@@V?$allocator@D@2@@std@@QAEAAV12@QBD@Z 00406390 f i main.obj
 0001:000053c0       ?append@?$basic_string@DU?$char_traits@D@std@@V?$allocator@D@2@@std@@QAEAAV12@QBDI@Z 004063c0 f i main.obj
 0001:00005460       ?assign@?$_Narrow_char_traits@DH@std@@SAPADQADID@Z 00406460 f i main.obj
 0001:00005480       ?assign@?$_Narrow_char_traits@DH@std@@SAXAADABD@Z 00406480 f i main.obj
 0001:00005490       ?assign@?$basic_string@DU?$char_traits@D@std@@V?$allocator@D@2@@std@@QAEAAV12@$$QAV12@@Z 00406490 f i main.obj
 0001:000054c0       ?c_str@?$_Yarn@D@std@@QBEPBDXZ 004064c0 f i main.obj
 0001:000054f0       ?c_str@?$basic_string@DU?$char_traits@D@std@@V?$allocator@D@2@@std@@QBEPBDXZ 004064f0 f i main.obj
 0001:00005510       ?category@error_code@std@@QBEABVerror_category@2@XZ 00406510 f i main.obj
 0001:00005510       ?category@error_condition@std@@QBEABVerror_category@2@XZ 00406510 f i main.obj
 0001:00005530       ?clear@?$basic_ios@DU?$char_traits@D@std@@@std@@QAEXH_N@Z 00406530 f i main.obj
 0001:00005570       ?clear@ios_base@std@@QAEXH_N@Z 00406570 f i main.obj
 0001:00005610       ?copy@?$_Char_traits@DH@std@@SAPADQADQBDI@Z 00406610 f i main.obj
 0001:00005610       ?move@?$_Char_traits@DH@std@@SAPADQADQBDI@Z 00406610 f i main.obj
 0001:00005630       ?count@?$duration@_JU?$ratio@$00$00@std@@@chrono@std@@QBE_JXZ 00406630 f i main.obj
 0001:00005630       ?count@?$duration@_JU?$ratio@$00$0DLJKMKAA@@std@@@chrono@std@@QBE_JXZ 00406630 f i main.obj
 0001:00005630       ?count@?$duration@_JU?$ratio@$00$0DOI@@std@@@chrono@std@@QBE_JXZ 00406630 f i main.obj
 0001:00005650       ?deallocate@?$allocator@D@std@@QAEXQADI@Z 00406650 f i main.obj
 0001:00005670       ?decimal_point@?$numpunct@D@std@@QBEDXZ 00406670 f i main.obj
 0001:00005690       ?default_error_condition@error_category@std@@UBE?AVerror_condition@2@H@Z 00406690 f i main.obj
 0001:000056b0       ?do_decimal_point@?$numpunct@D@std@@MBEDXZ 004066b0 f i main.obj
 0001:000056d0       ?do_falsename@?$numpunct@D@std@@MBE?AV?$basic_string@DU?$char_traits@D@std@@V?$allocator@D@2@@2@XZ 004066d0 f i main.obj
 0001:00005710       ?do_grouping@?$numpunct@D@std@@MBE?AV?$basic_string@DU?$char_traits@D@std@@V?$allocator@D@2@@2@XZ 00406710 f i main.obj
 0001:00005750       ?do_narrow@?$ctype@D@std@@MBEDDD@Z 00406750 f i main.obj
 0001:00005770       ?do_narrow@?$ctype@D@std@@MBEPBDPBD0DPAD@Z 00406770 f i main.obj
 0001:000057b0       ?do_put@?$num_put@DV?$ostreambuf_iterator@DU?$char_traits@D@std@@@std@@@std@@MBE?AV?$ostreambuf_iterator@DU?$char_traits@D@std@@@2@V32@AAVios_base@2@DJ@Z 004067b0 f i main.obj
 0001:00005830       ?do_put@?$num_put@DV?$ostreambuf_iterator@DU?$char_traits@D@std@@@std@@@std@@MBE?AV?$ostreambuf_iterator@DU?$char_traits@D@std@@@2@V32@AAVios_base@2@DK@Z 00406830 f i main.obj
 0001:000058b0       ?do_put@?$num_put@DV?$ostreambuf_iterator@DU?$char_traits@D@std@@@std@@@std@@MBE?AV?$ostreambuf_iterator@DU?$char_traits@D@std@@@2@V32@AAVios_base@2@DN@Z 004068b0 f i main.obj
 0001:00005ae0       ?do_put@?$num_put@DV?$ostreambuf_iterator@DU?$char_traits@D@std@@@std@@@std@@MBE?AV?$ostreambuf_iterator@DU?$char_traits@D@std@@@2@V32@AAVios_base@2@DO@Z 00406ae0 f i main.obj
 0001:00005d10       ?do_put@?$num_put@DV?$ostreambuf_iterator@DU?$char_traits@D@std@@@std@@@std@@MBE?AV?$ostreambuf_iterator@DU?$char_traits@D@std@@@2@V32@AAVios_base@2@DPBX@Z 00406d10 f i main.obj
 0001:00005d80       ?do_put@?$num_put@DV?$ostreambuf_iterator@DU?$char_traits@D@std@@@std@@@std@@MBE?AV?$ostreambuf_iterator@DU?$char_traits@D@std@@@2@V32@AAVios_base@2@D_J@Z 00406d80 f i main.obj
 0001:00005e10       ?do_put@?$num_put@DV?$ostreambuf_iterator@DU?$char_traits@D@std@@@std@@@std@@MBE?AV?$ostreambuf_iterator@DU?$char_traits@D@std@@@2@V32@AAVios_base@2@D_K@Z 00406e10 f i main.obj
 0001:00005ea0       ?do_put@?$num_put@DV?$ostreambuf_iterator@DU?$char_traits@D@std@@@std@@@std@@MBE?AV?$ostreambuf_iterator@DU?$char_traits@D@std@@@2@V32@AAVios_base@2@D_N@Z 00406ea0 f i main.obj
 0001:000060f0       ?do_thousands_sep@?$numpunct@D@std@@MBEDXZ 004070f0 f i main.obj
 0001:00006110       ?do_tolower@?$ctype@D@std@@MBEDD@Z 00407110 f i main.obj
 0001:00006140       ?do_tolower@?$ctype@D@std@@MBEPBDPADPBD@Z 00407140 f i main.obj
 0001:00006190       ?do_toupper@?$ctype@D@std@@MBEDD@Z 00407190 f i main.obj
 0001:000061c0       ?do_toupper@?$ctype@D@std@@MBEPBDPADPBD@Z 004071c0 f i main.obj
 0001:00006210       ?do_truename@?$numpunct@D@std@@MBE?AV?$basic_string@DU?$char_traits@D@std@@V?$allocator@D@2@@2@XZ 00407210 f i main.obj
 0001:00006250       ?do_widen@?$ctype@D@std@@MBEDD@Z 00407250 f i main.obj
 0001:00006270       ?do_widen@?$ctype@D@std@@MBEPBDPBD0PAD@Z 00407270 f i main.obj
 0001:000062b0       ?empty@?$basic_string@DU?$char_traits@D@std@@V?$allocator@D@2@@std@@QBE_NXZ 004072b0 f i main.obj
 0001:000062e0       ?eof@?$_Narrow_char_traits@DH@std@@SAHXZ 004072e0 f i main.obj
 0001:000062e0       ?max_size@?$_Default_allocator_traits@V?$allocator@D@std@@@std@@SAIABV?$allocator@D@2@@Z 004072e0 f i main.obj
 0001:000062f0       ?eq_int_type@?$_Narrow_char_traits@DH@std@@SA_NHH@Z 004072f0 f i main.obj
 0001:00006320       ?equivalent@error_category@std@@UBE_NABVerror_code@2@H@Z 00407320 f i main.obj
 0001:00006370       ?equivalent@error_category@std@@UBE_NHABVerror_condition@2@@Z 00407370 f i main.obj
 0001:000063b0       ?failed@?$ostreambuf_iterator@DU?$char_traits@D@std@@@std@@QBE_NXZ 004073b0 f i main.obj
 0001:000063d0       ?falsename@?$numpunct@D@std@@QBE?AV?$basic_string@DU?$char_traits@D@std@@V?$allocator@D@2@@2@XZ 004073d0 f i main.obj
 0001:00006410       ?fill@?$basic_ios@DU?$char_traits@D@std@@@std@@QBEDXZ 00407410 f i main.obj
 0001:00006430       ?flags@ios_base@std@@QBEHXZ 00407430 f i main.obj
 0001:00006450       ?flush@?$basic_ostream@DU?$char_traits@D@std@@@std@@QAEAAV12@XZ 00407450 f i main.obj
 0001:00006550       ?fpclassify@@YAHN@Z        00407550 f i main.obj
 0001:00006570       ?fpclassify@@YAHO@Z        00407570 f i main.obj
 0001:00006590       ?getloc@ios_base@std@@QBE?AVlocale@2@XZ 00407590 f i main.obj
 0001:000065b0       ?good@ios_base@std@@QBE_NXZ 004075b0 f i main.obj
 0001:000065e0       ?grouping@?$numpunct@D@std@@QBE?AV?$basic_string@DU?$char_traits@D@std@@V?$allocator@D@2@@2@XZ 004075e0 f i main.obj
 0001:00006620       ?insert@?$basic_string@DU?$char_traits@D@std@@V?$allocator@D@2@@std@@QAEAAV12@IID@Z 00407620 f i main.obj
 0001:000066d0       ?iostream_category@std@@YAABVerror_category@1@XZ 004076d0 f i main.obj
 0001:000066e0       ?length@?$_Narrow_char_traits@DH@std@@SAIQBD@Z 004076e0 f i main.obj
 0001:00006700       ?make_error_code@std@@YA?AVerror_code@1@W4io_errc@1@@Z 00407700 f i main.obj
 0001:00006720       ?max_size@?$basic_string@DU?$char_traits@D@std@@V?$allocator@D@2@@std@@QBEIXZ 00407720 f i main.obj
 0001:00006780       ?message@_Iostream_error_category2@std@@UBE?AV?$basic_string@DU?$char_traits@D@std@@V?$allocator@D@2@@2@H@Z 00407780 f i main.obj
 0001:000067f0       ?message@error_code@std@@QBE?AV?$basic_string@DU?$char_traits@D@std@@V?$allocator@D@2@@2@XZ 004077f0 f i main.obj
 0001:00006840       ?name@_Iostream_error_category2@std@@UBEPBDXZ 00407840 f i main.obj
 0001:00006850       ?now@steady_clock@chrono@std@@SA?AV?$time_point@Usteady_clock@chrono@std@@V?$duration@_JU?$ratio@$00$0DLJKMKAA@@std@@@23@@23@XZ 00407850 f i main.obj
 0001:00006a20       ?precision@ios_base@std@@QBE_JXZ 00407a20 f i main.obj
 0001:00006a40       ?pubsync@?$basic_streambuf@DU?$char_traits@D@std@@@std@@QAEHXZ 00407a40 f i main.obj
 0001:00006a60       ?put@?$basic_ostream@DU?$char_traits@D@std@@@std@@QAEAAV12@D@Z 00407a60 f i main.obj
 0001:00006b80       ?put@?$num_put@DV?$ostreambuf_iterator@DU?$char_traits@D@std@@@std@@@std@@QBE?AV?$ostreambuf_iterator@DU?$char_traits@D@std@@@2@V32@AAVios_base@2@DJ@Z 00407b80 f i main.obj
 0001:00006bc0       ?put@?$num_put@DV?$ostreambuf_iterator@DU?$char_traits@D@std@@@std@@@std@@QBE?AV?$ostreambuf_iterator@DU?$char_traits@D@std@@@2@V32@AAVios_base@2@DK@Z 00407bc0 f i main.obj
 0001:00006c00       ?put@?$num_put@DV?$ostreambuf_iterator@DU?$char_traits@D@std@@@std@@@std@@QBE?AV?$ostreambuf_iterator@DU?$char_traits@D@std@@@2@V32@AAVios_base@2@D_J@Z 00407c00 f i main.obj
 0001:00006c40       ?rdbuf@?$basic_ios@DU?$char_traits@D@std@@@std@@QBEPAV?$basic_streambuf@DU?$char_traits@D@std@@@2@XZ 00407c40 f i main.obj
 0001:00006c60       ?rdstate@ios_base@std@@QBEHXZ 00407c60 f i main.obj
 0001:00006c80       ?release@?$unique_ptr@V_Facet_base@std@@U?$default_delete@V_Facet_base@std@@@2@@std@@QAEPAV_Facet_base@2@XZ 00407c80 f i main.obj
 0001:00006cb0       ?resize@?$basic_string@DU?$char_traits@D@std@@V?$allocator@D@2@@std@@QAEXID@Z 00407cb0 f i main.obj
 0001:00006d00       ?setstate@?$basic_ios@DU?$char_traits@D@std@@@std@@QAEXH_N@Z 00407d00 f i main.obj
 0001:00006d30       ?size@?$basic_string@DU?$char_traits@D@std@@V?$allocator@D@2@@std@@QBEIXZ 00407d30 f i main.obj
 0001:00006d50       ?sputc@?$basic_streambuf@DU?$char_traits@D@std@@@std@@QAEHD@Z 00407d50 f i main.obj
 0001:00006dc0       ?sputn@?$basic_streambuf@DU?$char_traits@D@std@@@std@@QAE_JPBD_J@Z 00407dc0 f i main.obj
 0001:00006df0       ?thousands_sep@?$numpunct@D@std@@QBEDXZ 00407df0 f i main.obj
 0001:00006e10       ?tie@?$basic_ios@DU?$char_traits@D@std@@@std@@QBEPAV?$basic_ostream@DU?$char_traits@D@std@@@2@XZ 00407e10 f i main.obj
 0001:00006e30       ?time_since_epoch@?$time_point@Usteady_clock@chrono@std@@V?$duration@_JU?$ratio@$00$0DLJKMKAA@@std@@@23@@chrono@std@@QBE?AV?$duration@_JU?$ratio@$00$0DLJKMKAA@@std@@@23@XZ 00407e30 f i main.obj
 0001:00006e50       ?truename@?$numpunct@D@std@@QBE?AV?$basic_string@DU?$char_traits@D@std@@V?$allocator@D@2@@2@XZ 00407e50 f i main.obj
 0001:00006e90       ?value@error_code@std@@QBEHXZ 00407e90 f i main.obj
 0001:00006e90       ?value@error_condition@std@@QBEHXZ 00407e90 f i main.obj
 0001:00006ea0       ?what@exception@std@@UBEPBDXZ 00407ea0 f i main.obj
 0001:00006ed0       ?widen@?$basic_ios@DU?$char_traits@D@std@@@std@@QBEDD@Z 00407ed0 f i main.obj
 0001:00006f60       ?widen@?$ctype@D@std@@QBEDD@Z 00407f60 f i main.obj
 0001:00006f80       ?widen@?$ctype@D@std@@QBEPBDPBD0PAD@Z 00407f80 f i main.obj
 0001:00006fb0       ?width@ios_base@std@@QAE_J_J@Z 00407fb0 f i main.obj
 0001:00006ff0       ?width@ios_base@std@@QBE_JXZ 00407ff0 f i main.obj
 0001:00007010       ___local_stdio_printf_options 00408010 f i main.obj
 0001:00007020       __vsprintf_s_l             00408020 f i main.obj
 0001:00007070       _fabsl                     00408070 f i main.obj
 0001:00007090       _frexpl                    00408090 f i main.obj
 0001:000070b0       _sprintf_s                 004080b0 f i main.obj
 0001:000070f0       ??0FlightTrajectorySystem@@QAE@XZ 004080f0 f   FlightTrajectorySystem.obj
 0001:00007100       ?initialize@FlightTrajectorySystem@@QAEXXZ 00408100 f   FlightTrajectorySystem.obj
 0001:00007120       ?runOriginalTrajectory@FlightTrajectorySystem@@QAEGEEEE@Z 00408120 f   FlightTrajectorySystem.obj
 0001:00007160       _altitude_smoothening_initialize 00408160 f   altitude_smoothening.obj
 0001:00007170       _altitude_smoothening_step 00408170 f   altitude_smoothening.obj
 0001:00007200       _altitude_smoothening_terminate 00408200 f   altitude_smoothening.obj
 0001:00007205       ??0_Init_locks@std@@QAE@XZ 00408205 f   libcpmt:xlock.obj
 0001:00007232       ??0_Lockit@std@@QAE@H@Z    00408232 f   libcpmt:xlock.obj
 0001:00007263       ??1_Init_locks@std@@QAE@XZ 00408263 f   libcpmt:xlock.obj
 0001:0000728a       ??1_Lockit@std@@QAE@XZ     0040828a f   libcpmt:xlock.obj
 0001:000072a9       ??0bad_alloc@std@@QAE@XZ   004082a9 f i libcpmt:xthrow.obj
 0001:000072c1       ??0length_error@std@@QAE@ABV01@@Z 004082c1 f i libcpmt:xthrow.obj
 0001:000072dc       ??0length_error@std@@QAE@PBD@Z 004082dc f i libcpmt:xthrow.obj
 0001:000072fb       ??0logic_error@std@@QAE@ABV01@@Z 004082fb f i libcpmt:xthrow.obj
 0001:00007316       ??0out_of_range@std@@QAE@ABV01@@Z 00408316 f i libcpmt:xthrow.obj
 0001:00007331       ??0out_of_range@std@@QAE@PBD@Z 00408331 f i libcpmt:xthrow.obj
 0001:00007350       ??0runtime_error@std@@QAE@PBD@Z 00408350 f i libcpmt:xthrow.obj
 0001:0000736f       ??1bad_exception@std@@UAE@XZ 0040836f f i libvcruntime:frame.obj
 0001:0000736f       ??1length_error@std@@UAE@XZ 0040836f f i libcpmt:xthrow.obj
 0001:0000736f       ??1out_of_range@std@@UAE@XZ 0040836f f i libcpmt:xthrow.obj
 0001:00007380       ??_Ebad_exception@std@@UAEPAXI@Z 00408380 f i libvcruntime:frame.obj
 0001:00007380       ??_Elength_error@std@@UAEPAXI@Z 00408380 f i libcpmt:xthrow.obj
 0001:00007380       ??_Elogic_error@std@@UAEPAXI@Z 00408380 f i libcpmt:xthrow.obj
 0001:00007380       ??_Eout_of_range@std@@UAEPAXI@Z 00408380 f i libcpmt:xthrow.obj
 0001:00007380       ??_Gbad_exception@std@@UAEPAXI@Z 00408380 f i libvcruntime:frame.obj
 0001:00007380       ??_Glength_error@std@@UAEPAXI@Z 00408380 f i libcpmt:xthrow.obj
 0001:00007380       ??_Glogic_error@std@@UAEPAXI@Z 00408380 f i libcpmt:xthrow.obj
 0001:00007380       ??_Gout_of_range@std@@UAEPAXI@Z 00408380 f i libcpmt:xthrow.obj
 0001:000073ad       ?_Xbad_alloc@std@@YAXXZ    004083ad f   libcpmt:xthrow.obj
 0001:000073ad       ?__scrt_throw_std_bad_alloc@@YAXXZ 004083ad f   LIBCMT:throw_bad_alloc.obj
 0001:000073ca       ?_Xlength_error@std@@YAXPBD@Z 004083ca f   libcpmt:xthrow.obj
 0001:000073ea       ?_Xout_of_range@std@@YAXPBD@Z 004083ea f   libcpmt:xthrow.obj
 0001:0000740a       ?_Xruntime_error@std@@YAXPBD@Z 0040840a f   libcpmt:xthrow.obj
 0001:0000742a       ?uncaught_exception@std@@YA_NXZ 0040842a f   libcpmt:uncaught_exception.obj
 0001:0000742f       ?load@?$_Atomic_storage@_J$07@std@@QBE_JW4memory_order@2@@Z 0040842f f i libcpmt:xtime.obj
 0001:0000745a       __Query_perf_counter       0040845a f   libcpmt:xtime.obj
 0001:00007471       __Query_perf_frequency     00408471 f   libcpmt:xtime.obj
 0001:000074ad       __Thrd_sleep_for@4         004084ad f   libcpmt:sharedmutex.obj
 0001:000074b3       ?_Syserror_map@std@@YAPBDH@Z 004084b3 f   libcpmt:syserror.obj
 0001:000074d8       ??0_Locimp@locale@std@@AAE@_N@Z 004084d8 f i libcpmt:locale0.obj
 0001:00007519       ??1_Fac_node@std@@QAE@XZ   00408519 f i libcpmt:locale0.obj
 0001:0000754a       ??1_Fac_tidy_reg_t@std@@QAE@XZ 0040854a f i libcpmt:locale0.obj
 0001:0000756e       ??1_Locimp@locale@std@@MAE@XZ 0040856e f i libcpmt:locale0.obj
 0001:00007599       ??4?$_Yarn@D@std@@QAEAAV01@PBD@Z 00408599 f i libcpmt:locale0.obj
 0001:000075ed       ??_E_Locimp@locale@std@@MAEPAXI@Z 004085ed f i libcpmt:locale0.obj
 0001:000075ed       ??_G_Locimp@locale@std@@MAEPAXI@Z 004085ed f i libcpmt:locale0.obj
 0001:0000760f       ?_Facet_Register@std@@YAXPAV_Facet_base@1@@Z 0040860f f   libcpmt:locale0.obj
 0001:0000763c       ?_Getgloballocale@locale@std@@CAPAV_Locimp@12@XZ 0040863c f   libcpmt:locale0.obj
 0001:00007642       ?_Init@locale@std@@CAPAV_Locimp@12@_N@Z 00408642 f   libcpmt:locale0.obj
 0001:000076cf       ?_Locimp_dtor@_Locimp@locale@std@@CAXPAV123@@Z 004086cf f   libcpmt:locale0.obj
 0001:00007740       ?_Locinfo_ctor@_Locinfo@std@@SAXPAV12@PBD@Z 00408740 f   libcpmt:locale0.obj
 0001:0000778c       ?_Locinfo_dtor@_Locinfo@std@@SAXPAV12@@Z 0040878c f   libcpmt:locale0.obj
 0001:000077a6       ?_New_Locimp@_Locimp@locale@std@@CAPAV123@_N@Z 004087a6 f   libcpmt:locale0.obj
 0001:000077c9       ?_Setgloballocale@locale@std@@CAXPAX@Z 004087c9 f   libcpmt:locale0.obj
 0001:000077f1       __Deletegloballocale       004087f1 f   libcpmt:locale0.obj
 0001:00007856       __Getctype                 00408856 f   libcpmt:_tolower.obj
 0001:000078c1       __Tolower                  004088c1 f   libcpmt:_tolower.obj
 0001:000079b0       __Getcvt                   004089b0 f   libcpmt:xwctomb.obj
 0001:00007a23       __Toupper                  00408a23 f   libcpmt:_toupper.obj
 0001:00007b12       ??$_Fgetc@D@std@@YA_NAADPAU_iobuf@@@Z 00408b12 f i libcpmt:cout.obj
 0001:00007b32       ??$_Fputc@D@std@@YA_NDPAU_iobuf@@@Z 00408b32 f i libcpmt:cout.obj
 0001:00007b4c       ??$_Reallocate_grow_by@V<lambda_1>@?1??push_back@?$basic_string@DU?$char_traits@D@std@@V?$allocator@D@2@@std@@QAEXD@Z@D@?$basic_string@DU?$char_traits@D@std@@V?$allocator@D@2@@std@@AAEAAV01@IV<lambda_1>@?1??push_back@01@QAEXD@Z@D@Z 00408b4c f i libcpmt:cout.obj
 0001:00007c06       ??$use_facet@V?$codecvt@DDU_Mbstatet@@@std@@@std@@YAABV?$codecvt@DDU_Mbstatet@@@0@ABVlocale@0@@Z 00408c06 f i libcpmt:cout.obj
 0001:00007c9b       ??0?$basic_ios@DU?$char_traits@D@std@@@std@@IAE@XZ 00408c9b f i libcpmt:cout.obj
 0001:00007cc0       ??0?$basic_ostream@DU?$char_traits@D@std@@@std@@QAE@PAV?$basic_streambuf@DU?$char_traits@D@std@@@1@_N@Z 00408cc0 f i libcpmt:cout.obj
 0001:00007d28       ??0?$basic_streambuf@DU?$char_traits@D@std@@@std@@IAE@XZ 00408d28 f i libcpmt:cout.obj
 0001:00007d99       ??0_Init_cout@std@@QAE@XZ  00408d99 f i libcpmt:cout.obj
 0001:00007dd9       ??0ios_base@std@@IAE@XZ    00408dd9 f i libcpmt:cout.obj
 0001:00007e05       ??1?$basic_filebuf@DU?$char_traits@D@std@@@std@@UAE@XZ 00408e05 f i libcpmt:cout.obj
 0001:00007e62       ??1?$basic_ios@DU?$char_traits@D@std@@@std@@UAE@XZ 00408e62 f i libcpmt:cout.obj
 0001:00007ea7       ??1?$basic_streambuf@DU?$char_traits@D@std@@@std@@UAE@XZ 00408ea7 f i libcpmt:cout.obj
 0001:00007ec8       ??_D?$basic_ostream@DU?$char_traits@D@std@@@std@@QAEXXZ 00408ec8 f i libcpmt:cout.obj
 0001:00007f29       ??_E?$basic_ostream@DU?$char_traits@D@std@@@std@@$4PPPPPPPM@A@AEPAXI@Z 00408f29 f i libcpmt:cout.obj
 0001:00007f31       ??_E?$basic_filebuf@DU?$char_traits@D@std@@@std@@UAEPAXI@Z 00408f31 f i libcpmt:cout.obj
 0001:00007f31       ??_G?$basic_filebuf@DU?$char_traits@D@std@@@std@@UAEPAXI@Z 00408f31 f i libcpmt:cout.obj
 0001:00007f53       ??_E?$basic_ios@DU?$char_traits@D@std@@@std@@UAEPAXI@Z 00408f53 f i libcpmt:cout.obj
 0001:00007f53       ??_G?$basic_ios@DU?$char_traits@D@std@@@std@@UAEPAXI@Z 00408f53 f i libcpmt:cout.obj
 0001:00007fb0       ??_E?$basic_ostream@DU?$char_traits@D@std@@@std@@UAEPAXI@Z 00408fb0 f i libcpmt:cout.obj
 0001:00007fb0       ??_G?$basic_ostream@DU?$char_traits@D@std@@@std@@UAEPAXI@Z 00408fb0 f i libcpmt:cout.obj
 0001:00007fd5       ??_E?$basic_streambuf@DU?$char_traits@D@std@@@std@@UAEPAXI@Z 00408fd5 f i libcpmt:cout.obj
 0001:00007fd5       ??_G?$basic_streambuf@DU?$char_traits@D@std@@@std@@UAEPAXI@Z 00408fd5 f i libcpmt:cout.obj
 0001:00007ff7       ??_E?$codecvt@DDU_Mbstatet@@@std@@MAEPAXI@Z 00408ff7 f i libcpmt:cout.obj
 0001:00007ff7       ??_G?$codecvt@DDU_Mbstatet@@@std@@MAEPAXI@Z 00408ff7 f i libcpmt:cout.obj
 0001:0000801a       ??_Eios_base@std@@UAEPAXI@Z 0040901a f i libcpmt:cout.obj
 0001:0000801a       ??_Gios_base@std@@UAEPAXI@Z 0040901a f i libcpmt:cout.obj
 0001:00008077       ?_Apply_annotation@?$basic_string@DU?$char_traits@D@std@@V?$allocator@D@2@@std@@CAXQBDIII@Z 00409077 f i libcpmt:cout.obj
 0001:000080c0       ?_Create_annotation@?$basic_string@DU?$char_traits@D@std@@V?$allocator@D@2@@std@@ABEXXZ 004090c0 f i libcpmt:cout.obj
 0001:000080da       ?_Endwrite@?$basic_filebuf@DU?$char_traits@D@std@@@std@@IAE_NXZ 004090da f i libcpmt:cout.obj
 0001:00008189       ?_Erase_noexcept@?$basic_string@DU?$char_traits@D@std@@V?$allocator@D@2@@std@@AAEAAV12@II@Z 00409189 f i libcpmt:cout.obj
 0001:000081e1       ?_Getcat@?$codecvt@DDU_Mbstatet@@@std@@SAIPAPBVfacet@locale@2@PBV42@@Z 004091e1 f i libcpmt:cout.obj
 0001:00008249       ?_Init@?$basic_filebuf@DU?$char_traits@D@std@@@std@@IAEXPAU_iobuf@@W4_Initfl@12@@Z 00409249 f i libcpmt:cout.obj
 0001:000082c6       ?_Init@?$basic_streambuf@DU?$char_traits@D@std@@@std@@IAEXXZ 004092c6 f i libcpmt:cout.obj
 0001:00008303       ?_Init@ios_base@std@@IAEXXZ 00409303 f i libcpmt:cout.obj
 0001:0000836e       ?_Initcvt@?$basic_filebuf@DU?$char_traits@D@std@@@std@@IAEXABV?$codecvt@DDU_Mbstatet@@@2@@Z 0040936e f i libcpmt:cout.obj
 0001:00008399       ?_Lock@?$basic_filebuf@DU?$char_traits@D@std@@@std@@UAEXXZ 00409399 f i libcpmt:cout.obj
 0001:000083a9       ?_Lock@?$basic_streambuf@DU?$char_traits@D@std@@@std@@UAEXXZ 004093a9 f i libcpmt:cout.obj
 0001:000083a9       ?_Unlock@?$basic_streambuf@DU?$char_traits@D@std@@@std@@UAEXXZ 004093a9 f i libcpmt:cout.obj
 0001:000083a9       @_guard_check_icall_nop@4  004093a9 f i LIBCMT:guard_support.obj
 0001:000083a9       ___sanitizer_annotate_contiguous_container 004093a9 f i libcpmt:asan_noop.obj
 0001:000083a9       ___sanitizer_annotate_contiguous_container_default 004093a9 f i libcpmt:asan_noop.obj
 0001:000083a9       __initialize_denormal_control 004093a9 f i LIBCMT:denormal_control.obj
 0001:000083a9       __initialize_invalid_parameter_handler 004093a9 f i LIBCMT:invalid_parameter_handler.obj
 0001:000083ac       ?_Modify_annotation@?$basic_string@DU?$char_traits@D@std@@V?$allocator@D@2@@std@@ABEXII@Z 004093ac f i libcpmt:cout.obj
 0001:000083d3       ?_Remove_annotation@?$basic_string@DU?$char_traits@D@std@@V?$allocator@D@2@@std@@ABEXXZ 004093d3 f i libcpmt:cout.obj
 0001:000083ed       ?_Reset_back@?$basic_filebuf@DU?$char_traits@D@std@@@std@@AAEXXZ 004093ed f i libcpmt:cout.obj
 0001:00008410       ?_Set_back@?$basic_filebuf@DU?$char_traits@D@std@@@std@@AAEXXZ 00409410 f i libcpmt:cout.obj
 0001:0000844d       ?_Unlock@?$basic_filebuf@DU?$char_traits@D@std@@@std@@UAEXXZ 0040944d f i libcpmt:cout.obj
 0001:0000845d       ?always_noconv@codecvt_base@std@@QBE_NXZ 0040945d f i libcpmt:cout.obj
 0001:00008475       ?close@?$basic_filebuf@DU?$char_traits@D@std@@@std@@QAEPAV12@XZ 00409475 f i libcpmt:cout.obj
 0001:000084d6       ?do_always_noconv@?$codecvt@DDU_Mbstatet@@@std@@MBE_NXZ 004094d6 f i libcpmt:cout.obj
 0001:000084d6       ___acrt_uninitialize_command_line 004094d6 f i libucrt:argv_data.obj
 0001:000084d6       __should_initialize_environment 004094d6 f i LIBCMT:env_mode.obj
 0001:000084d9       ?do_encoding@codecvt_base@std@@MBEHXZ 004094d9 f i libcpmt:cout.obj
 0001:000084d9       ?do_max_length@codecvt_base@std@@MBEHXZ 004094d9 f i libcpmt:cout.obj
 0001:000084d9       __get_startup_argv_mode    004094d9 f i LIBCMT:argv_mode.obj
 0001:000084dd       ?do_in@?$codecvt@DDU_Mbstatet@@@std@@MBEHAAU_Mbstatet@@PBD1AAPBDPAD3AAPAD@Z 004094dd f i libcpmt:cout.obj
 0001:000084dd       ?do_out@?$codecvt@DDU_Mbstatet@@@std@@MBEHAAU_Mbstatet@@PBD1AAPBDPAD3AAPAD@Z 004094dd f i libcpmt:cout.obj
 0001:000084f7       ?do_length@?$codecvt@DDU_Mbstatet@@@std@@MBEHAAU_Mbstatet@@PBD1I@Z 004094f7 f i libcpmt:cout.obj
 0001:0000850c       ?do_unshift@?$codecvt@DDU_Mbstatet@@@std@@MBEHAAU_Mbstatet@@PAD1AAPAD@Z 0040950c f i libcpmt:cout.obj
 0001:0000851e       ?imbue@?$basic_filebuf@DU?$char_traits@D@std@@@std@@MAEXABVlocale@2@@Z 0040951e f i libcpmt:cout.obj
 0001:0000853a       ?imbue@?$basic_streambuf@DU?$char_traits@D@std@@@std@@MAEXABVlocale@2@@Z 0040953a f i libcpmt:cout.obj
 0001:0000853d       ?init@?$basic_ios@DU?$char_traits@D@std@@@std@@IAEXPAV?$basic_streambuf@DU?$char_traits@D@std@@@2@_N@Z 0040953d f i libcpmt:cout.obj
 0001:00008586       ?overflow@?$basic_filebuf@DU?$char_traits@D@std@@@std@@MAEHH@Z 00409586 f i libcpmt:cout.obj
 0001:00008692       ?overflow@?$basic_streambuf@DU?$char_traits@D@std@@@std@@MAEHH@Z 00409692 f i libcpmt:cout.obj
 0001:00008692       ?pbackfail@?$basic_streambuf@DU?$char_traits@D@std@@@std@@MAEHH@Z 00409692 f i libcpmt:cout.obj
 0001:00008698       ?pbackfail@?$basic_filebuf@DU?$char_traits@D@std@@@std@@MAEHH@Z 00409698 f i libcpmt:cout.obj
 0001:00008717       ?push_back@?$basic_string@DU?$char_traits@D@std@@V?$allocator@D@2@@std@@QAEXD@Z 00409717 f i libcpmt:cout.obj
 0001:0000875e       ?seekoff@?$basic_filebuf@DU?$char_traits@D@std@@@std@@MAE?AV?$fpos@U_Mbstatet@@@2@_JHH@Z 0040975e f i libcpmt:cout.obj
 0001:0000881f       ?seekoff@?$basic_streambuf@DU?$char_traits@D@std@@@std@@MAE?AV?$fpos@U_Mbstatet@@@2@_JHH@Z 0040981f f i libcpmt:cout.obj
 0001:0000883e       ?seekpos@?$basic_filebuf@DU?$char_traits@D@std@@@std@@MAE?AV?$fpos@U_Mbstatet@@@2@V32@H@Z 0040983e f i libcpmt:cout.obj
 0001:000088ce       ?seekpos@?$basic_streambuf@DU?$char_traits@D@std@@@std@@MAE?AV?$fpos@U_Mbstatet@@@2@V32@H@Z 004098ce f i libcpmt:cout.obj
 0001:000088ed       ?setbuf@?$basic_filebuf@DU?$char_traits@D@std@@@std@@MAEPAV?$basic_streambuf@DU?$char_traits@D@std@@@2@PAD_J@Z 004098ed f i libcpmt:cout.obj
 0001:0000893b       ?setbuf@?$basic_streambuf@DU?$char_traits@D@std@@@std@@MAEPAV12@PAD_J@Z 0040993b f i libcpmt:cout.obj
 0001:00008940       ?showmanyc@?$basic_streambuf@DU?$char_traits@D@std@@@std@@MAE_JXZ 00409940 f i libcpmt:cout.obj
 0001:00008945       ?sync@?$basic_filebuf@DU?$char_traits@D@std@@@std@@MAEHXZ 00409945 f i libcpmt:cout.obj
 0001:00008981       ?sync@?$basic_streambuf@DU?$char_traits@D@std@@@std@@MAEHXZ 00409981 f i libcpmt:cout.obj
 0001:00008981       ___scrt_exe_initialize_mta 00409981 f i LIBCMT:utility_desktop.obj
 0001:00008981       ___scrt_initialize_winrt   00409981 f i LIBCMT:utility_desktop.obj
 0001:00008981       ___scrt_stub_for_initialize_mta 00409981 f i LIBCMT:utility_desktop.obj
 0001:00008981       __get_startup_commit_mode  00409981 f i LIBCMT:commit_mode.obj
 0001:00008981       __get_startup_new_mode     00409981 f i LIBCMT:new_mode.obj
 0001:00008981       __get_startup_thread_locale_mode 00409981 f i LIBCMT:thread_locale.obj
 0001:00008981       __matherr                  00409981 f i LIBCMT:matherr.obj
 0001:00008984       ?uflow@?$basic_filebuf@DU?$char_traits@D@std@@@std@@MAEHXZ 00409984 f i libcpmt:cout.obj
 0001:00008b23       ?uflow@?$basic_streambuf@DU?$char_traits@D@std@@@std@@MAEHXZ 00409b23 f i libcpmt:cout.obj
 0001:00008b56       ?underflow@?$basic_filebuf@DU?$char_traits@D@std@@@std@@MAEHXZ 00409b56 f i libcpmt:cout.obj
 0001:00008ba6       ?underflow@?$basic_streambuf@DU?$char_traits@D@std@@@std@@MAEHXZ 00409ba6 f i libcpmt:cout.obj
 0001:00008baa       ?xsgetn@?$basic_filebuf@DU?$char_traits@D@std@@@std@@MAE_JPAD_J@Z 00409baa f i libcpmt:cout.obj
 0001:00008c92       ?xsgetn@?$basic_streambuf@DU?$char_traits@D@std@@@std@@MAE_JPAD_J@Z 00409c92 f i libcpmt:cout.obj
 0001:00008d81       ?xsputn@?$basic_filebuf@DU?$char_traits@D@std@@@std@@MAE_JPBD_J@Z 00409d81 f i libcpmt:cout.obj
 0001:00008e61       ?xsputn@?$basic_streambuf@DU?$char_traits@D@std@@@std@@MAE_JPBD_J@Z 00409e61 f i libcpmt:cout.obj
 0001:00008f4c       __Mtxdst                   00409f4c f   libcpmt:xmtx.obj
 0001:00008f5a       __Mtxinit                  00409f5a f   libcpmt:xmtx.obj
 0001:00008f6f       __Mtxlock                  00409f6f f   libcpmt:xmtx.obj
 0001:00008f7d       __Mtxunlock                00409f7d f   libcpmt:xmtx.obj
 0001:00008fbf       ??1_Init_atexit@@QAE@XZ    00409fbf f i libcpmt:iosptrs.obj
 0001:00009027       ?_Atexit@@YAXP6AXXZ@Z      0040a027 f   libcpmt:iosptrs.obj
 0001:00009056       ??1?$__crt_scoped_stack_ptr@_W@@QAE@XZ 0040a056 f i libcpmt:StlLCMapStringA.obj
 0001:0000906f       ___crtLCMapStringA         0040a06f f   libcpmt:StlLCMapStringA.obj
 0001:00009239       __freea_crt                0040a239 f i libcpmt:StlLCMapStringA.obj
 0001:00009257       ?_Addstd@ios_base@std@@SAXPAV12@@Z 0040a257 f   libcpmt:ios.obj
 0001:000092a3       ?_Callfns@ios_base@std@@AAEXW4event@12@@Z 0040a2a3 f i libcpmt:ios.obj
 0001:000092d6       ?_Ios_base_dtor@ios_base@std@@CAXPAV12@@Z 0040a2d6 f   libcpmt:ios.obj
 0001:00009316       ?_Tidy@ios_base@std@@AAEXXZ 0040a316 f i libcpmt:ios.obj
 0001:00009391       ??2@YAPAXI@Z               0040a391 f   LIBCMT:new_scalar.obj
 0001:000093c1       ??3@YAXPAXI@Z              0040a3c1 f   LIBCMT:delete_scalar_size.obj
 0001:000093cf       ??_V@YAXPAX@Z              0040a3cf f   LIBCMT:delete_array.obj
 0001:000093d4       @__security_check_cookie@4 0040a3d4 f   LIBCMT:secchk.obj
 0001:000093f0       __alldiv                   0040a3f0 f   LIBCMT:lldiv.obj
 0001:000094a0       __allmul                   0040a4a0 f   LIBCMT:llmul.obj
 0001:000094e0       __allrem                   0040a4e0 f   LIBCMT:llrem.obj
 0001:00009592       ??_Etype_info@@UAEPAXI@Z   0040a592 f i LIBCMT:std_type_info_static.obj
 0001:00009592       ??_Gtype_info@@UAEPAXI@Z   0040a592 f i LIBCMT:std_type_info_static.obj
 0001:000097fc       _mainCRTStartup            0040a7fc f   LIBCMT:exe_main.obj
 0001:00009848       ___scrt_acquire_startup_lock 0040a848 f   LIBCMT:utility.obj
 0001:0000987a       ___scrt_initialize_crt     0040a87a f   LIBCMT:utility.obj
 0001:000098b3       ___scrt_initialize_onexit_tables 0040a8b3 f   LIBCMT:utility.obj
 0001:0000993a       ___scrt_is_nonwritable_in_current_image 0040a93a f   LIBCMT:utility.obj
 0001:000099ce       ___scrt_release_startup_lock 0040a9ce f   LIBCMT:utility.obj
 0001:000099eb       ___scrt_uninitialize_crt   0040a9eb f   LIBCMT:utility.obj
 0001:00009a13       __onexit                   0040aa13 f   LIBCMT:utility.obj
 0001:00009a41       _atexit                    0040aa41 f   LIBCMT:utility.obj
 0001:00009a60       __aulldiv                  0040aa60 f   LIBCMT:ulldiv.obj
 0001:00009ad0       __aullrem                  0040aad0 f   LIBCMT:ullrem.obj
 0001:00009b45       __EH_epilog3               0040ab45 f   LIBCMT:ehprolg3.obj
 0001:00009b59       __EH_epilog3_GS            0040ab59 f   LIBCMT:ehprolg3.obj
 0001:00009b68       __EH_prolog3               0040ab68 f   LIBCMT:ehprolg3.obj
 0001:00009b9b       __EH_prolog3_GS            0040ab9b f   LIBCMT:ehprolg3.obj
 0001:00009bd1       __EH_prolog3_catch         0040abd1 f   LIBCMT:ehprolg3.obj
 0001:00009c10       __alloca_probe_16          0040ac10 f   LIBCMT:alloca16.obj
 0001:00009c26       __alloca_probe_8           0040ac26     LIBCMT:alloca16.obj
 0001:00009c3c       ___isa_available_init      0040ac3c f   LIBCMT:cpu_disp.obj
 0001:00009f69       ?__scrt_throw_std_bad_array_new_length@@YAXXZ 0040af69 f   LIBCMT:throw_bad_alloc.obj
 0001:00009f86       ??3@YAXPAX@Z               0040af86 f   LIBCMT:delete_scalar.obj
 0001:00009f8b       ___raise_securityfailure   0040af8b f   LIBCMT:gs_report.obj
 0001:00009fb3       ___report_gsfailure        0040afb3 f   LIBCMT:gs_report.obj
 0001:0000a0ae       ___report_rangecheckfailure 0040b0ae f   LIBCMT:gs_report.obj
 0001:0000a0bb       ___report_securityfailure  0040b0bb f   LIBCMT:gs_report.obj
 0001:0000a1d8       ___security_init_cookie    0040b1d8 f   LIBCMT:gs_support.obj
 0001:0000a223       __get_startup_file_mode    0040b223 f   LIBCMT:file_mode.obj
 0001:0000a229       ?__scrt_initialize_type_info@@YAXXZ 0040b229 f   LIBCMT:tncleanup.obj
 0001:0000a235       __initialize_default_precision 0040b235 f   LIBCMT:default_precision.obj
 0001:0000a256       ___local_stdio_scanf_options 0040b256 f i LIBCMT:default_local_stdio_options.obj
 0001:0000a25c       ___scrt_initialize_default_local_stdio_options 0040b25c f   LIBCMT:default_local_stdio_options.obj
 0001:0000a279       ___scrt_is_user_matherr_present 0040b279 f   LIBCMT:matherr_detection.obj
 0001:0000a285       ___scrt_get_dyn_tls_init_callback 0040b285 f   LIBCMT:dyn_tls_init.obj
 0001:0000a28b       ___scrt_get_dyn_tls_dtor_callback 0040b28b f   LIBCMT:dyn_tls_dtor.obj
 0001:0000a291       ___scrt_fastfail           0040b291 f   LIBCMT:utility_desktop.obj
 0001:0000a3a6       ___scrt_initialize_mta     0040b3a6 f   LIBCMT:utility_desktop.obj
 0001:0000a3ab       ___scrt_is_managed_app     0040b3ab f   LIBCMT:utility_desktop.obj
 0001:0000a3ed       ___scrt_set_unhandled_exception_filter 0040b3ed f   LIBCMT:utility_desktop.obj
 0001:0000a3f9       ___scrt_unhandled_exception_filter@4 0040b3f9 f   LIBCMT:utility_desktop.obj
 0001:0000a44f       __crt_debugger_hook        0040b44f f   LIBCMT:utility_desktop.obj
 0001:0000a457       __RTC_Initialize           0040b457 f   LIBCMT:initsect.obj
 0001:0000a483       __RTC_Terminate            0040b483 f   LIBCMT:initsect.obj
 0001:0000a4b0       __SEH_prolog4              0040b4b0 f   LIBCMT:sehprolg4.obj
 0001:0000a4f5       ___scrt_is_ucrt_dll_in_use 0040b4f5 f   LIBCMT:ucrt_detection.obj
 0001:0000a510       __alloca_probe             0040b510 f   LIBCMT:chkstk.obj
 0001:0000a510       __chkstk                   0040b510 f   LIBCMT:chkstk.obj
 0001:0000a53b       __get_purecall_handler     0040b53b f   libvcruntime:purevirt.obj
 0001:0000a542       __purecall                 0040b542 f   libvcruntime:purevirt.obj
 0001:0000a560       _memcpy                    0040b560 f   libvcruntime:memcpy.obj
 0001:0000a560       _memmove                   0040b560 f   libvcruntime:memmove.obj
 0001:0000aae0       _memset                    0040bae0 f   libvcruntime:memset.obj
 0001:0000ac3a       ___std_exception_copy      0040bc3a f   libvcruntime:std_exception.obj
 0001:0000ac9d       ___std_exception_destroy   0040bc9d f   libvcruntime:std_exception.obj
 0001:0000acbc       __CxxThrowException@8      0040bcbc f   libvcruntime:throw.obj
 0001:0000ad29       ?GetRangeOfTrysToCheck@__FrameHandler3@@SA?AU?$pair@Viterator@TryBlockMap@__FrameHandler3@@V123@@std@@AAVTryBlockMap@1@HPAXPBU_s_FuncInfo@@H@Z 0040bd29 f   libvcruntime:trnsctrl.obj
 0001:0000ad98       ?_CallCatchBlock2@@YAPAXPAUEHRegistrationNode@@PBU_s_FuncInfo@@PAXHK@Z 0040bd98 f   libvcruntime:trnsctrl.obj
 0001:0000adf5       ?_CallSETranslator@@YAHPAUEHExceptionRecord@@PAUEHRegistrationNode@@PAX2PBU_s_FuncInfo@@H1@Z 0040bdf5 f   libvcruntime:trnsctrl.obj
 0001:0000aee5       ?_JumpToContinuation@@YGXPAXPAUEHRegistrationNode@@@Z 0040bee5 f   libvcruntime:trnsctrl.obj
 0001:0000af15       ?_UnwindNestedFrames@@YGXPAUEHRegistrationNode@@PAUEHExceptionRecord@@@Z 0040bf15 f   libvcruntime:trnsctrl.obj
 0001:0000af69       __CatchGuardHandler        0040bf69 f   libvcruntime:trnsctrl.obj
 0001:0000af9a       __CreateFrameInfo          0040bf9a f   libvcruntime:trnsctrl.obj
 0001:0000afbe       __FindAndUnlinkFrame       0040bfbe f   libvcruntime:trnsctrl.obj
 0001:0000b006       __TranslatorGuardHandler   0040c006 f   libvcruntime:trnsctrl.obj
 0001:0000b0a5       ___CxxFrameHandler3        0040c0a5 f   libvcruntime:trnsctrl.obj
 0001:0000b0db       ___uncaught_exception      0040c0db f   libvcruntime:uncaught_exception.obj
 0001:0000b0ef       ___DestructExceptionObject 0040c0ef f   libvcruntime:ehhelpers.obj
 0001:0000b190       ?_CallMemberFunction0@@YGXQAX0@Z 0040c190 f i libvcruntime:ehhelpers.obj
 0001:0000b1f5       __IsExceptionObjectToBeDestroyed 0040c1f5 f   libvcruntime:ehhelpers.obj
 0001:0000b21b       ___AdjustPointer           0040c21b f   libvcruntime:ehhelpers.obj
 0001:0000b240       ___FrameUnwindFilter       0040c240 f   libvcruntime:ehhelpers.obj
 0001:0000b296       ___current_exception       0040c296 f   libvcruntime:ehhelpers.obj
 0001:0000b29f       ___current_exception_context 0040c29f f   libvcruntime:ehhelpers.obj
 0001:0000b2a8       ___std_terminate           0040c2a8 f   libvcruntime:ehhelpers.obj
 0001:0000b2b0       _memcmp                    0040c2b0 f   libvcruntime:memcmp.obj
 0001:0000c6c0       __except_handler4          0040d6c0 f   libvcruntime:chandler4.obj
 0001:0000c81e       ___vcrt_initialize         0040d81e f   libvcruntime:initialization.obj
 0001:0000c83d       ___vcrt_uninitialize       0040d83d f   libvcruntime:initialization.obj
 0001:0000c854       ___std_type_info_compare   0040d854 f   libvcruntime:std_type_info.obj
 0001:0000c890       ___vcrt_freefls@4          0040d890 f   libvcruntime:per_thread_data.obj
 0001:0000c8ac       ___vcrt_getptd             0040d8ac f   libvcruntime:per_thread_data.obj
 0001:0000c8ba       ___vcrt_getptd_noexit      0040d8ba f   libvcruntime:per_thread_data.obj
 0001:0000c94c       ___vcrt_getptd_noinit      0040d94c f   libvcruntime:per_thread_data.obj
 0001:0000c984       ___vcrt_initialize_ptd     0040d984 f   libvcruntime:per_thread_data.obj
 0001:0000c9b7       ___vcrt_uninitialize_ptd   0040d9b7 f   libvcruntime:per_thread_data.obj
 0001:0000d103       ??$TypeMatchHelper@V__FrameHandler3@@@@YAHPBU_s_HandlerType@@PBU_s_CatchableType@@PBU_s_ThrowInfo@@@Z 0040e103 f i libvcruntime:frame.obj
 0001:0000d191       ??$__InternalCxxFrameHandler@V__FrameHandler3@@@@YA?AW4_EXCEPTION_DISPOSITION@@PAUEHExceptionRecord@@PAUEHRegistrationNode@@PAU_CONTEXT@@PAXPBU_s_FuncInfo@@H1E@Z 0040e191 f i libvcruntime:frame.obj
 0001:0000d293       ??$__InternalCxxFrameHandlerWrapper@V__FrameHandler3@@@@YA?AW4_EXCEPTION_DISPOSITION@@PAUEHExceptionRecord@@PAUEHRegistrationNode@@PAU_CONTEXT@@PAXPBU_s_FuncInfo@@H1E@Z 0040e293 f i libvcruntime:frame.obj
 0001:0000d29c       ??0bad_exception@std@@QAE@ABV01@@Z 0040e29c f i libvcruntime:frame.obj
 0001:0000d2b7       ??0bad_exception@std@@QAE@XZ 0040e2b7 f i libvcruntime:frame.obj
 0001:0000d2cf       ??8type_info@@QBE_NABV0@@Z 0040e2cf f i libvcruntime:frame.obj
 0001:0000d546       ?FrameUnwindToEmptyState@__FrameHandler3@@SAXPAUEHRegistrationNode@@PAXPBU_s_FuncInfo@@@Z 0040e546 f   libvcruntime:frame.obj
 0001:0000d55e       ?FrameUnwindToState@__FrameHandler3@@SAXPAUEHRegistrationNode@@PAXPBU_s_FuncInfo@@H@Z 0040e55e f   libvcruntime:frame.obj
 0001:0000d6e0       ?_CallMemberFunction1@@YGXQAX00@Z 0040e6e0 f i libvcruntime:frame.obj
 0001:0000d6f0       ?_CallMemberFunction2@@YGXQAX00H@Z 0040e6f0 f i libvcruntime:frame.obj
 0001:0000d703       ?getESTypes@__FrameHandler3@@SAPBU_s_ESTypeList@@PBU_s_FuncInfo@@@Z 0040e703 f i libvcruntime:frame.obj
 0001:0000d710       __CallSettingFrame@12      0040e710 f   libvcruntime:lowhelpr.obj
 0001:0000d737       __NLG_Return               0040e737     libvcruntime:lowhelpr.obj
 0001:0000d75c       ___except_validate_context_record 0040e75c f   libvcruntime:jbcxrval.obj
 0001:0000d790       __local_unwind4            0040e790 f   libvcruntime:exsup4.obj
 0001:0000d880       @_EH4_CallFilterFunc@8     0040e880 f   libvcruntime:exsup4.obj
 0001:0000d8a0       @_EH4_TransferToHandler@8  0040e8a0 f   libvcruntime:exsup4.obj
 0001:0000d8c0       @_EH4_GlobalUnwind2@8      0040e8c0 f   libvcruntime:exsup4.obj
 0001:0000d8e0       @_EH4_LocalUnwind@16       0040e8e0 f   libvcruntime:exsup4.obj
 0001:0000d8f7       ___vcrt_initialize_locks   0040e8f7 f   libvcruntime:locks.obj
 0001:0000d933       ___vcrt_uninitialize_locks 0040e933 f   libvcruntime:locks.obj
 0001:0000da4d       ___vcrt_FlsAlloc           0040ea4d f   libvcruntime:winapi_downlevel.obj
 0001:0000da88       ___vcrt_FlsFree            0040ea88 f   libvcruntime:winapi_downlevel.obj
 0001:0000dac3       ___vcrt_FlsGetValue        0040eac3 f   libvcruntime:winapi_downlevel.obj
 0001:0000dafe       ___vcrt_FlsSetValue        0040eafe f   libvcruntime:winapi_downlevel.obj
 0001:0000db3c       ___vcrt_InitializeCriticalSectionEx 0040eb3c f   libvcruntime:winapi_downlevel.obj
 0001:0000db83       _unexpected                0040eb83 f   libvcruntime:unexpected.obj
 0001:0000dba0       ?GetCurrentState@__FrameHandler3@@SAHPAUEHRegistrationNode@@PAXPBU_s_FuncInfo@@@Z 0040eba0 f   libvcruntime:ehstate.obj
 0001:0000dbbd       ?SetState@__FrameHandler3@@SAXPAUEHRegistrationNode@@PBU_s_FuncInfo@@H@Z 0040ebbd f   libvcruntime:ehstate.obj
 0001:0000dbd0       __NLG_Notify1              0040ebd0 f   libvcruntime:exsup.obj
 0001:0000dbe0       __NLG_Notify               0040ebe0 f   libvcruntime:exsup.obj
 0001:0000dbf7       __NLG_Dispatch             0040ebf7     libvcruntime:exsup.obj
 0001:0000dbf7       __NLG_Dispatch2            0040ebf7     libvcruntime:exsup.obj
 0001:0000dc00       __NLG_Call                 0040ec00 f   libvcruntime:exsup.obj
 0001:0000dc02       __NLG_Return2              0040ec02     libvcruntime:exsup.obj
 0001:0000dc03       ??0__crt_cached_ptd_host@@QAE@QAU__crt_locale_pointers@@@Z 0040ec03 f i libucrt:invalid_parameter.obj
 0001:0000dc4b       ??1__crt_cached_ptd_host@@QAE@XZ 0040ec4b f i libucrt:invalid_parameter.obj
 0001:0000dc87       ?check_synchronize_global_state_index@__crt_cached_ptd_host@@AAEIXZ 0040ec87 f i libucrt:invalid_parameter.obj
 0001:0000dcb0       ?force_synchronize_per_thread_data@__crt_cached_ptd_host@@AAEPAU__acrt_ptd@@XZ 0040ecb0 f i libucrt:invalid_parameter.obj
 0001:0000dcf6       ?get_raw_ptd@__crt_cached_ptd_host@@QAEPAU__acrt_ptd@@XZ 0040ecf6 f i libucrt:invalid_parameter.obj
 0001:0000dd13       ___acrt_call_reportfault   0040ed13 f   libucrt:invalid_parameter.obj
 0001:0000de4c       ___acrt_initialize_invalid_parameter_handler 0040ee4c f   libucrt:invalid_parameter.obj
 0001:0000de5b       __invalid_parameter        0040ee5b f   libucrt:invalid_parameter.obj
 0001:0000de92       __invalid_parameter_internal 0040ee92 f   libucrt:invalid_parameter.obj
 0001:0000df0f       __invalid_parameter_noinfo 0040ef0f f   libucrt:invalid_parameter.obj
 0001:0000df1f       __invalid_parameter_noinfo_noreturn 0040ef1f f   libucrt:invalid_parameter.obj
 0001:0000df3c       __invoke_watson            0040ef3c f   libucrt:invalid_parameter.obj
 0001:0000df70       __dtest                    0040ef70 f   libucrt:_test.obj
 0001:0000dfd4       __ldtest                   0040efd4 f   libucrt:_test.obj
 0001:0000dfdf       _abs                       0040efdf f   libucrt:abs.obj
 0001:0000dfee       _fabs                      0040efee f   libucrt:fabs.obj
 0001:0000e035       _frexp                     0040f035 f   libucrt:frexp.obj
 0001:0000e12f       _calloc                    0040f12f f   libucrt:calloc.obj
 0001:0000e13a       _free                      0040f13a f   libucrt:free.obj
 0001:0000e368       ??$count@D@formatting_buffer@__crt_stdio_output@@QBEIXZ 0040f368 f i libucrt:output.obj
 0001:0000e380       ??$ensure_buffer_is_big_enough@D@formatting_buffer@__crt_stdio_output@@QAE_NIAAV__crt_cached_ptd_host@@@Z 0040f380 f i libucrt:output.obj
 0001:0000e401       ??$is_overflow_condition@K@__crt_strtox@@YA_NIK@Z 0040f401 f i libucrt:output.obj
 0001:0000e435       ??$is_wide_character_specifier@D@__crt_stdio_output@@YA_N_KDW4length_modifier@0@@Z 0040f435 f i libucrt:output.obj
 0001:0000e466       ??$parse_integer@KV?$c_string_character_source@D@__crt_strtox@@$0A@@__crt_strtox@@YAKAAV__crt_cached_ptd_host@@V?$c_string_character_source@D@0@H_N@Z 0040f466 f i libucrt:output.obj
 0001:0000e675       ??$scratch_data@D@formatting_buffer@__crt_stdio_output@@QAEPADXZ 0040f675 f i libucrt:output.obj
 0001:0000e693       ??$type_case_integer@$07@?$output_processor@DV?$string_output_adapter@D@__crt_stdio_output@@V?$format_validation_base@DV?$string_output_adapter@D@__crt_stdio_output@@@2@@__crt_stdio_output@@AAE_N_N@Z 0040f693 f i libucrt:output.obj
 0001:0000e820       ??$type_case_integer@$09@?$output_processor@DV?$string_output_adapter@D@__crt_stdio_output@@V?$format_validation_base@DV?$string_output_adapter@D@__crt_stdio_output@@@2@@__crt_stdio_output@@AAE_N_N@Z 0040f820 f i libucrt:output.obj
 0001:0000e9ad       ??$type_case_integer@$0BA@@?$output_processor@DV?$string_output_adapter@D@__crt_stdio_output@@V?$format_validation_base@DV?$string_output_adapter@D@__crt_stdio_output@@@2@@__crt_stdio_output@@AAE_N_N@Z 0040f9ad f i libucrt:output.obj
 0001:0000eb3a       ??$type_case_integer_parse_into_buffer@I$07@?$output_processor@DV?$string_output_adapter@D@__crt_stdio_output@@V?$format_validation_base@DV?$string_output_adapter@D@__crt_stdio_output@@@2@@__crt_stdio_output@@AAEXI_N@Z 0040fb3a f i libucrt:output.obj
 0001:0000eb9d       ??$type_case_integer_parse_into_buffer@I$09@?$output_processor@DV?$string_output_adapter@D@__crt_stdio_output@@V?$format_validation_base@DV?$string_output_adapter@D@__crt_stdio_output@@@2@@__crt_stdio_output@@AAEXI_N@Z 0040fb9d f i libucrt:output.obj
 0001:0000ec24       ??$type_case_integer_parse_into_buffer@I$0BA@@?$output_processor@DV?$string_output_adapter@D@__crt_stdio_output@@V?$format_validation_base@DV?$string_output_adapter@D@__crt_stdio_output@@@2@@__crt_stdio_output@@AAEXI_N@Z 0040fc24 f i libucrt:output.obj
 0001:0000eca1       ??$type_case_integer_parse_into_buffer@_K$07@?$output_processor@DV?$string_output_adapter@D@__crt_stdio_output@@V?$format_validation_base@DV?$string_output_adapter@D@__crt_stdio_output@@@2@@__crt_stdio_output@@AAEX_K_N@Z 0040fca1 f i libucrt:output.obj
 0001:0000ed19       ??$type_case_integer_parse_into_buffer@_K$09@?$output_processor@DV?$string_output_adapter@D@__crt_stdio_output@@V?$format_validation_base@DV?$string_output_adapter@D@__crt_stdio_output@@@2@@__crt_stdio_output@@AAEX_K_N@Z 0040fd19 f i libucrt:output.obj
 0001:0000edc0       ??$type_case_integer_parse_into_buffer@_K$0BA@@?$output_processor@DV?$string_output_adapter@D@__crt_stdio_output@@V?$format_validation_base@DV?$string_output_adapter@D@__crt_stdio_output@@@2@@__crt_stdio_output@@AAEX_K_N@Z 0040fdc0 f i libucrt:output.obj
 0001:0000ee4a       ??0?$output_adapter_data@DV?$string_output_adapter@D@__crt_stdio_output@@@__crt_stdio_output@@IAE@ABV?$string_output_adapter@D@1@_KQBDAAV__crt_cached_ptd_host@@QAD@Z 0040fe4a f i libucrt:output.obj
 0001:0000eeb1       ??1formatting_buffer@__crt_stdio_output@@QAE@XZ 0040feb1 f i libucrt:output.obj
[...]
 0002:00009688       __sehtable$?__scrt_common_main_seh@@YAHXZ 00430688     LIBCMT:exe_main.obj
 0002:000096a8       __sehtable$___scrt_is_nonwritable_in_current_image 004306a8     LIBCMT:utility.obj
 0002:000096c8       __sehtable$___DestructExceptionObject 004306c8     libvcruntime:ehhelpers.obj
 0002:000096e8       __sehtable$?FrameUnwindToState@__FrameHandler3@@SAXPAUEHRegistrationNode@@PAXPBU_s_FuncInfo@@H@Z 004306e8     libvcruntime:frame.obj
 0002:00009710       __sehtable$?CallCatchBlock@@YAPAXPAUEHExceptionRecord@@PAUEHRegistrationNode@@PAU_CONTEXT@@PBU_s_FuncInfo@@PAXHK@Z 00430710     libvcruntime:frame.obj
 0002:00009738       __catchsym$?CallUnexpected@@YAXPBU_s_ESTypeList@@@Z$2 00430738     libvcruntime:frame.obj
 0002:00009748       __unwindtable$?CallUnexpected@@YAXPBU_s_ESTypeList@@@Z 00430748     libvcruntime:frame.obj
 0002:00009758       __tryblocktable$?CallUnexpected@@YAXPBU_s_ESTypeList@@@Z 00430758     libvcruntime:frame.obj
 0002:0000976c       __ehfuncinfo$?CallUnexpected@@YAXPBU_s_ESTypeList@@@Z 0043076c     libvcruntime:frame.obj
 0002:00009790       __sehtable$??$BuildCatchObjectHelperInternal@V__FrameHandler3@@@@YAHPAUEHExceptionRecord@@PAXPBU_s_HandlerType@@PBU_s_CatchableType@@@Z 00430790     libvcruntime:frame.obj
 0002:000097b0       __sehtable$??$BuildCatchObjectInternal@V__FrameHandler3@@@@YAXPAUEHExceptionRecord@@PAXPBU_s_HandlerType@@PBU_s_CatchableType@@@Z 004307b0     libvcruntime:frame.obj
 0002:00009808       __sehtable$??$?RV<lambda_f5952838e36297a1e2e9d6c748429792>@@AAV<lambda_2116bde18c9e5f34230805ea4a4660ed>@@V<lambda_3c7107de1cc98bf330a3031f42c322a3>@@@?$__crt_seh_guarded_call@PAD@@QAEPAD$$QAV<lambda_f5952838e36297a1e2e9d6c748429792>@@AAV<lambda_2116bde18c9e5f34230805ea4a4660ed>@@$$QAV<lambda_3c7107de1cc98bf330a3031f42c322a3>@@@Z 00430808     libucrt:setlocale.obj
 0002:00009828       __sehtable$?_fclose_internal@@YAHQAU_iobuf@@AAV__crt_cached_ptd_host@@@Z 00430828     libucrt:fclose.obj
 0002:00009848       __sehtable$??$?RV<lambda_2866be3712abc81a800a822484c830d8>@@AAV<lambda_39ca0ed439415581b5b15c265174cece>@@V<lambda_2b24c74d71094a6cd0cb82e44167d71b>@@@?$__crt_seh_guarded_call@X@@QAEX$$QAV<lambda_2866be3712abc81a800a822484c830d8>@@AAV<lambda_39ca0ed439415581b5b15c265174cece>@@$$QAV<lambda_2b24c74d71094a6cd0cb82e44167d71b>@@@Z 00430848     libucrt:fflush.obj
 0002:00009868       __sehtable$??$?RV<lambda_2cc53f568c5a2bb6f192f930a45d44ea>@@AAV<lambda_ab61a845afdef5b7c387490eaf3616ee>@@V<lambda_c2ffc0b7726aa6be21d5f0026187e748>@@@?$__crt_seh_guarded_call@X@@QAEX$$QAV<lambda_2cc53f568c5a2bb6f192f930a45d44ea>@@AAV<lambda_ab61a845afdef5b7c387490eaf3616ee>@@$$QAV<lambda_c2ffc0b7726aa6be21d5f0026187e748>@@@Z 00430868     libucrt:fflush.obj
 0002:00009888       __sehtable$??$?RV<lambda_6d20deecaf4856105ebacbad442d1079>@@AAV<lambda_9a32fed5bf61b6b509b2d3f6003082a1>@@V<lambda_63ea2239ed67c638ddbae41947fdf875>@@@?$__crt_seh_guarded_call@H@@QAEH$$QAV<lambda_6d20deecaf4856105ebacbad442d1079>@@AAV<lambda_9a32fed5bf61b6b509b2d3f6003082a1>@@$$QAV<lambda_63ea2239ed67c638ddbae41947fdf875>@@@Z 00430888     libucrt:fflush.obj
 0002:000098a8       __sehtable$_fgetc          004308a8     libucrt:fgetc.obj
 0002:000098c8       __sehtable$?_fputc_internal@@YAHHQAU_iobuf@@AAV__crt_cached_ptd_host@@@Z 004308c8     libucrt:fputc.obj
 0002:000098e8       __sehtable$_fread_s        004308e8     libucrt:fread.obj
 0002:00009908       __sehtable$?common_fseek@@YAHV__crt_stdio_stream@@_JHAAV__crt_cached_ptd_host@@@Z 00430908     libucrt:fseek.obj
 0002:00009928       __sehtable$??$?RV<lambda_76055cf4b68c1f980da8b7496a3ae623>@@AAV<lambda_26974eb511f701c600fccfa2a97a8e1b>@@V<lambda_0062726809bb3c529c0733aa37379daf>@@@?$__crt_seh_guarded_call@I@@QAEI$$QAV<lambda_76055cf4b68c1f980da8b7496a3ae623>@@AAV<lambda_26974eb511f701c600fccfa2a97a8e1b>@@$$QAV<lambda_0062726809bb3c529c0733aa37379daf>@@@Z 00430928     libucrt:fwrite.obj
 0002:00009948       __sehtable$??$?RV<lambda_c390c0748f48a7db46f6ce5cc3c796da>@@AAV<lambda_703a5c3f7c88128b7f5f7a8861b0a6e0>@@V<lambda_c16a91f8771b304e2b1164fb4c043437>@@@?$__crt_seh_guarded_call@H@@QAEH$$QAV<lambda_c390c0748f48a7db46f6ce5cc3c796da>@@AAV<lambda_703a5c3f7c88128b7f5f7a8861b0a6e0>@@$$QAV<lambda_c16a91f8771b304e2b1164fb4c043437>@@@Z 00430948     libucrt:setvbuf.obj
 0002:00009968       __sehtable$_ungetc         00430968     libucrt:ungetc.obj
 0002:00009988       __sehtable$__query_new_handler 00430988     libucrt:new_handler.obj
 0002:000099a4       __unwindtable$___dcrt_uninitialize_environments_nolock 004309a4     libucrt:environment_initialization.obj
 0002:000099b4       __ehfuncinfo$___dcrt_uninitialize_environments_nolock 004309b4     libucrt:environment_initialization.obj
 0002:000099d8       __sehtable$??R<lambda_6e4b09c48022b2350581041d5f6b0c4c>@@QBE@XZ 004309d8     libucrt:exit.obj
 0002:000099f8       __sehtable$??$?RV<lambda_03b1d95aef87969028cfba75ccab2455>@@AAV<lambda_6e4b09c48022b2350581041d5f6b0c4c>@@V<lambda_22bdf7517842c4b3e53723af5aa32b9e>@@@?$__crt_seh_guarded_call@X@@QAEX$$QAV<lambda_03b1d95aef87969028cfba75ccab2455>@@AAV<lambda_6e4b09c48022b2350581041d5f6b0c4c>@@$$QAV<lambda_22bdf7517842c4b3e53723af5aa32b9e>@@@Z 004309f8     libucrt:exit.obj
 0002:00009a18       __sehtable$??$?RV<lambda_e5124f882df8998aaf41531e079ba474>@@AAV<lambda_3e16ef9562a7dcce91392c22ab16ea36>@@V<lambda_e25ca0880e6ef98be67edffd8c599615>@@@?$__crt_seh_guarded_call@X@@QAEX$$QAV<lambda_e5124f882df8998aaf41531e079ba474>@@AAV<lambda_3e16ef9562a7dcce91392c22ab16ea36>@@$$QAV<lambda_e25ca0880e6ef98be67edffd8c599615>@@@Z 00430a18     libucrt:wsetlocale.obj
 0002:00009a38       __sehtable$??$?RV<lambda_4fdada1b837b2abbf20876fac97688ad>@@AAV<lambda_b57350f2640456a0859d250846f69caf>@@V<lambda_eed5e4f92b5b7d55fa22c48c484aaa54>@@@?$__crt_seh_guarded_call@X@@QAEX$$QAV<lambda_4fdada1b837b2abbf20876fac97688ad>@@AAV<lambda_b57350f2640456a0859d250846f69caf>@@$$QAV<lambda_eed5e4f92b5b7d55fa22c48c484aaa54>@@@Z 00430a38     libucrt:wsetlocale.obj
 0002:00009a58       __sehtable$??$?RV<lambda_ac03c5d59bd18b09cb88b28331f6bfed>@@AAV<lambda_2a444430fde8c29194d880d93eed5e8f>@@AAV<lambda_02db5278e8aef8b5e4976579d73f5304>@@@?$__crt_seh_guarded_call@X@@QAEX$$QAV<lambda_ac03c5d59bd18b09cb88b28331f6bfed>@@AAV<lambda_2a444430fde8c29194d880d93eed5e8f>@@AAV<lambda_02db5278e8aef8b5e4976579d73f5304>@@@Z 00430a58     libucrt:wsetlocale.obj
 0002:00009a78       __sehtable$??$?RV<lambda_8e746cf0007f6ed984d6f78af1fec997>@@AAV<lambda_22ebabd17bc4fa466a2aca6d8deb888d>@@V<lambda_18ed0c0b38a6dc0daf1e7ac6d6adf05e>@@@?$__crt_seh_guarded_call@H@@QAEH$$QAV<lambda_8e746cf0007f6ed984d6f78af1fec997>@@AAV<lambda_22ebabd17bc4fa466a2aca6d8deb888d>@@$$QAV<lambda_18ed0c0b38a6dc0daf1e7ac6d6adf05e>@@@Z 00430a78     libucrt:onexit.obj
 0002:00009a98       __sehtable$??$?RV<lambda_69a2805e680e0e292e8ba93315fe43a8>@@AAV<lambda_f03950bc5685219e0bcd2087efbe011e>@@V<lambda_03fcd07e894ec930e3f35da366ca99d6>@@@?$__crt_seh_guarded_call@H@@QAEH$$QAV<lambda_69a2805e680e0e292e8ba93315fe43a8>@@AAV<lambda_f03950bc5685219e0bcd2087efbe011e>@@$$QAV<lambda_03fcd07e894ec930e3f35da366ca99d6>@@@Z 00430a98     libucrt:onexit.obj
 0002:00009ab8       __sehtable$_terminate      00430ab8     libucrt:terminate.obj
 0002:00009ad8       __sehtable$??$?RV<lambda_15ade71b0218206bbe3333a0c9b79046>@@AAV<lambda_da44e0f8b0f19ba52fefafb335991732>@@V<lambda_207f2d024fc103971653565357d6cd41>@@@?$__crt_seh_guarded_call@X@@QAEX$$QAV<lambda_15ade71b0218206bbe3333a0c9b79046>@@AAV<lambda_da44e0f8b0f19ba52fefafb335991732>@@$$QAV<lambda_207f2d024fc103971653565357d6cd41>@@@Z 00430ad8     libucrt:per_thread_data.obj
 0002:00009af8       __sehtable$??$?RV<lambda_a7e850c220f1c8d1e6efeecdedd162c6>@@AAV<lambda_46720907175c18b6c9d2717bc0d2d362>@@V<lambda_9048902d66e8d99359bc9897bbb930a8>@@@?$__crt_seh_guarded_call@X@@QAEX$$QAV<lambda_a7e850c220f1c8d1e6efeecdedd162c6>@@AAV<lambda_46720907175c18b6c9d2717bc0d2d362>@@$$QAV<lambda_9048902d66e8d99359bc9897bbb930a8>@@@Z 00430af8     libucrt:per_thread_data.obj
 0002:00009b18       __sehtable$??$?RV<lambda_38edbb1296d33220d7e4dd0ed76b244a>@@AAV<lambda_5ce1d447e08cb34b2473517608e21441>@@V<lambda_fb385d3da700c9147fc39e65dd577a8c>@@@?$__crt_seh_guarded_call@X@@QAEX$$QAV<lambda_38edbb1296d33220d7e4dd0ed76b244a>@@AAV<lambda_5ce1d447e08cb34b2473517608e21441>@@$$QAV<lambda_fb385d3da700c9147fc39e65dd577a8c>@@@Z 00430b18     libucrt:per_thread_data.obj
 0002:00009b38       __sehtable$??$?RV<lambda_6affb1475c98b40b75cdec977db92e3c>@@AAV<lambda_b8d4b9c228a6ecc3f80208dbb4b4a104>@@V<lambda_608742c3c92a14382c1684fc64f96c88>@@@?$__crt_seh_guarded_call@X@@QAEX$$QAV<lambda_6affb1475c98b40b75cdec977db92e3c>@@AAV<lambda_b8d4b9c228a6ecc3f80208dbb4b4a104>@@$$QAV<lambda_608742c3c92a14382c1684fc64f96c88>@@@Z 00430b38     libucrt:per_thread_data.obj
 0002:00009b58       __sehtable$___set_fpsr_sse2 00430b58     libucrt:fpctrl.obj
 0002:00009b78       __sehtable$___acrt_initialize_lowio 00430b78     libucrt:ioinit.obj
 0002:00009b98       __sehtable$??$?RV<lambda_6b4b7855443974f2b4b77000ea21c99c>@@AAV<lambda_8f7d3b162ab39427f4fa9995c67a7986>@@V<lambda_cc9a5ba8a5d8428b9634eab82665e5dc>@@@?$__crt_seh_guarded_call@H@@QAEH$$QAV<lambda_6b4b7855443974f2b4b77000ea21c99c>@@AAV<lambda_8f7d3b162ab39427f4fa9995c67a7986>@@$$QAV<lambda_cc9a5ba8a5d8428b9634eab82665e5dc>@@@Z 00430b98     libucrt:winapi_thunks.obj
 0002:00009bb8       __sehtable$__fcloseall     00430bb8     libucrt:closeall.obj
 0002:00009bd8       __sehtable$??$?RV<lambda_d422a76eb4c3bf3ad751449ab71a6ea4>@@AAV<lambda_c9ba49e555ba839a7b07aa3fbecb7617>@@V<lambda_9476263c8ee91a25d21c55370bdb50de>@@@?$__crt_seh_guarded_call@H@@QAEH$$QAV<lambda_d422a76eb4c3bf3ad751449ab71a6ea4>@@AAV<lambda_c9ba49e555ba839a7b07aa3fbecb7617>@@$$QAV<lambda_9476263c8ee91a25d21c55370bdb50de>@@@Z 00430bd8     libucrt:close.obj
 0002:00009bf8       __sehtable$??$?RV<lambda_9e9de3de5fa147e2223d7db92bc10aa6>@@AAV<lambda_38ce7e780aa69e748d6df282ebc68efe>@@V<lambda_8ca6da459f0f6780f1cff60fdc3d00e5>@@@?$__crt_seh_guarded_call@H@@QAEH$$QAV<lambda_9e9de3de5fa147e2223d7db92bc10aa6>@@AAV<lambda_38ce7e780aa69e748d6df282ebc68efe>@@$$QAV<lambda_8ca6da459f0f6780f1cff60fdc3d00e5>@@@Z 00430bf8     libucrt:commit.obj
 0002:00009c18       __sehtable$__write_internal 00430c18     libucrt:write.obj
 0002:00009c38       __sehtable$??$common_ftell@_J@@YA_JV__crt_stdio_stream@@AAV__crt_cached_ptd_host@@@Z 00430c38     libucrt:ftell.obj
 0002:00009c58       __sehtable$__read          00430c58     libucrt:read.obj
 0002:00009c78       __sehtable$??$common_lseek@_J@@YA_JH_JHAAV__crt_cached_ptd_host@@@Z 00430c78     libucrt:lseek.obj
 0002:00009c98       __sehtable$_raise          00430c98     libucrt:signal.obj
 0002:00009cb8       __sehtable$??$?RV<lambda_cbab9ec6f41b0180b23cc171c22676b0>@@AAV<lambda_44731a7d0e6d81c3e6aa82d741081786>@@V<lambda_4b292cb8dd18144e164572427af410ab>@@@?$__crt_seh_guarded_call@P6AXH@Z@@QAEP6AXH@Z$$QAV<lambda_cbab9ec6f41b0180b23cc171c22676b0>@@AAV<lambda_44731a7d0e6d81c3e6aa82d741081786>@@$$QAV<lambda_4b292cb8dd18144e164572427af410ab>@@@Z 00430cb8     libucrt:signal.obj
 0002:00009cd8       __sehtable$?update_thread_multibyte_data_internal@@YAPAU__crt_multibyte_data@@QAU__acrt_ptd@@QAPAU1@@Z 00430cd8     libucrt:mbctype.obj
 0002:00009cf8       __sehtable$??$?RV<lambda_ceb1ee4838e85a9d631eb091e2fbe199>@@AAV<lambda_ae742caa10f662c28703da3d2ea5e57e>@@V<lambda_cd08b5d6af4937fe54fc07d0c9bf6b37>@@@?$__crt_seh_guarded_call@X@@QAEX$$QAV<lambda_ceb1ee4838e85a9d631eb091e2fbe199>@@AAV<lambda_ae742caa10f662c28703da3d2ea5e57e>@@$$QAV<lambda_cd08b5d6af4937fe54fc07d0c9bf6b37>@@@Z 00430cf8     libucrt:mbctype.obj
 0002:00009d18       __sehtable$___acrt_lowio_ensure_fh_exists 00430d18     libucrt:osfinfo.obj
 0002:00009d38       __sehtable$___acrt_update_thread_locale_data 00430d38     libucrt:locale_refcounting.obj
 0002:00009d58       __sehtable$__IsNonwritableInCurrentImage 00430d58     LIBCMT:pesect.obj
 0002:0000a118       .idata$6                   00431118     kernel32:KERNEL32.dll
 0003:00000008       ?init@std@@3JA             00432008     libcpmt:xlock.obj
 0003:0000000c       ?atcount_cdecl@@3IA        0043200c     libcpmt:iosptrs.obj
 0003:000000a0       ?__vcrt_flsindex@@3KA      004320a0     libvcruntime:per_thread_data.obj
 0003:00000124       ?errno_no_memory@@3HA      00432124     libucrt:errno.obj
 0003:00000128       ?doserrno_no_memory@@3KA   00432128     libucrt:errno.obj
 0003:000001dc       __ctype_loc_style          004321dc     libucrt:wsetlocale.obj
 0003:000001e0       ?__acrt_flsindex@@3KA      004321e0     libucrt:per_thread_data.obj
 0003:000002b0       ?__DAZ_ENABLED@?1??__set_fpsr_sse2@@9@9 004322b0     libucrt:fpctrl.obj
 0003:000003f8       ?tzstd_program@@3PADA      004323f8     libucrt:timeset.obj
 0003:00000438       ?tzdst_program@@3PADA      00432438     libucrt:timeset.obj
 0003:00000478       ?w_tzstd_program@@3PA_WA   00432478     libucrt:timeset.obj
 0003:000004f8       ?w_tzdst_program@@3PA_WA   004324f8     libucrt:timeset.obj
 0003:00000578       ?tzname_states@@3PAY01PADA 00432578     libucrt:timeset.obj
 0003:00000580       ?w_tzname_states@@3PAY01PA_WA 00432580     libucrt:timeset.obj
 0003:000007a8       __mbctypes                 004327a8     libucrt:mbctype.obj
 0003:000008b0       __mbcasemaps               004328b0     libucrt:mbctype.obj
 0003:000009b0       ?__rgctypeflag@@3PADA      004329b0     libucrt:mbctype.obj
 0003:000009b8       ?__rgcode_page_info@@3PAUcode_page_info@@A 004329b8     libucrt:mbctype.obj
 0003:00000ab0       ?__dcrt_lowio_console_output_handle@@3PAXA 00432ab0     libucrt:initcon.obj
 0003:00000f6c       _altitude_smoothening_M_   00432f6c     altitude_smoothening.obj
 0003:00000f70       ?initlocks@std@@3V_Init_locks@1@A 00432f70     libcpmt:xlock.obj
 0003:00000f78       ?mtx@std@@3PAU_RTL_CRITICAL_SECTION@@A 00432f78     libcpmt:xlock.obj
 0003:00001038       ?freq_cached@?1??_Query_perf_frequency@@9@4U?$atomic@_J@std@@A 00433038     libcpmt:xtime.obj
 0003:0000105c       ?classic_locale@std@@3Vlocale@1@A 0043305c     libcpmt:locale0.obj
 0003:00001064       ?_Fac_head@std@@3PAU_Fac_node@1@A 00433064     libcpmt:locale0.obj
 0003:00001068       ?_Fac_tidy_reg@std@@3U_Fac_tidy_reg_t@1@B 00433068     libcpmt:locale0.obj
 0003:0000106c       _global_locale             0043306c     libcpmt:locale0.obj
 0003:00001070       ?registered@?1??_Setgloballocale@locale@std@@CAXPAX@Z@4_NA 00433070     libcpmt:locale0.obj
 0003:00001078       ?initlocks@@3V_Init_locks@std@@A 00433078     libcpmt:cout.obj
 0003:00001079       ?init_cout@std@@3U_Init_cout@1@A 00433079     libcpmt:cout.obj
 0003:000010d0       ?fout@std@@3V?$basic_filebuf@DU?$char_traits@D@std@@@1@A 004330d0     libcpmt:cout.obj
 0003:00001138       ?__KERNEL32Function_GetSystemTimePreciseAsFileTime@?A0x995b63b9@@3P6GXPAU_FILETIME@@@ZA 00433138     libcpmt:winapisupp.obj
 0003:0000113c       ?__KERNEL32Function_GetTempPath2W@?A0x995b63b9@@3P6GKKPA_W@ZA 0043313c     libcpmt:winapisupp.obj
 0003:00001164       ?initlocks@std@@3V_Init_locks@1@A 00433164     libcpmt:iosptrs.obj
 0003:00001165       ?init_atexit@@3U_Init_atexit@@A 00433165     libcpmt:iosptrs.obj
 0003:00001168       ?atfuns_cdecl@@3PAP6AXXZA  00433168     libcpmt:iosptrs.obj
 0003:00001194       ?stdstr@std@@3PAPAVios_base@1@A 00433194     libcpmt:ios.obj
 0003:000011bc       ?stdopens@std@@3PADA       004331bc     libcpmt:ios.obj
 0003:00001248       ?is_initialized_as_dll@@3_NA 00433248     LIBCMT:utility.obj
 0003:00001249       ?module_local_atexit_table_initialized@@3_NA 00433249     LIBCMT:utility.obj
 0003:0000124c       ?module_local_atexit_table@@3U_onexit_table_t@@A 0043324c     LIBCMT:utility.obj
 0003:00001258       ?module_local_at_quick_exit_table@@3U_onexit_table_t@@A 00433258     LIBCMT:utility.obj
 0003:00001270       _GS_ExceptionRecord        00433270     LIBCMT:gs_report.obj
 0003:000012c0       _GS_ContextRecord          004332c0     LIBCMT:gs_report.obj
 0003:000015ac       ?__vcrt_startup_thread_ptd@@3U__vcrt_ptd@@A 004335ac     libvcruntime:per_thread_data.obj
 0003:000015d4       ___vcrt_lock_table         004335d4     libvcruntime:locks.obj
 0003:000015ec       ___vcrt_locks_initialized  004335ec     libvcruntime:locks.obj
 0003:00001618       ?heap@@3V_HeapManager@@A   00433618     libvcruntime:undname.obj
 0003:0000162c       ?module_handles@@3PAPAUHINSTANCE__@@A 0043362c     libvcruntime:winapi_downlevel.obj
 0003:00001638       ?function_pointers@@3PAPAXA 00433638     libvcruntime:winapi_downlevel.obj
 0003:0000164c       ?__acrt_invalid_parameter_handler@@3V?$dual_state_global@P6AXPB_W00II@Z@__crt_state_management@@A 0043364c     libucrt:invalid_parameter.obj
 0003:00001658       ?__acrt_lock_table@@3PAU_RTL_CRITICAL_SECTION@@A 00433658     libucrt:locks.obj
 0003:000017a8       ?__acrt_locks_initialized@@3IA 004337a8     libucrt:locks.obj
 0003:000017b8       ?__acrt_new_handler@@3V?$dual_state_global@P6AHI@Z@__crt_state_management@@A 004337b8     libucrt:new_handler.obj
 0003:000017bc       ?__acrt_app_type@@3W4_crt_app_type@@A 004337bc     libucrt:report_runtime_error.obj
 0003:000017c0       ?user_matherr@@3V?$dual_state_global@P6AHPAU_exception@@@Z@__crt_state_management@@A 004337c0     libucrt:matherr.obj
 0003:000017c8       ?program_name@?1???$common_configure_argv@D@@YAHW4_crt_argv_mode@@@Z@4PADA 004337c8     libucrt:argv_parsing.obj
 0003:000018e0       ?c_termination_complete@@3JA 004338e0     libucrt:exit.obj
 0003:000018e4       ?thread_local_exit_callback_func@@3P6GXPAXK0@ZA 004338e4     libucrt:exit.obj
 0003:000018e8       ?c_exit_complete@?1???R<lambda_6e4b09c48022b2350581041d5f6b0c4c>@@QBE@XZ@4_NA 004338e8     libucrt:exit.obj
 0003:00001908       ?__acrt_global_new_mode@@3V?$dual_state_global@J@__crt_state_management@@A 00433908     libucrt:new_mode.obj
 0003:0000192c       ?internal_state@?1??_mbtowc_internal@@9@4U_Mbstatet@@A 0043392c     libucrt:mbtowc.obj
 0003:00001934       ?enable_percent_n@@3IA     00433934     libucrt:printf_count_output.obj
 0003:00001b48       ?module_handles@@3PAPAUHINSTANCE__@@A 00433b48     libucrt:winapi_thunks.obj
 0003:00001ba0       ?encoded_function_pointers@@3PAPAXA 00433ba0     libucrt:winapi_thunks.obj
 0003:00001c2c       ?static_enum_proc@?1??enum_system_locales_ex_nolock@@YAHQ6GHPA_WKJ@Z@Z@4P6GH0KJ@ZA 00433c2c     libucrt:winapi_thunks.obj
 0003:00001c30       ?ctrlc_action@@3V?$dual_state_global@P6AXH@Z@__crt_state_management@@A 00433c30     libucrt:signal.obj
 0003:00001c34       ?ctrlbreak_action@@3V?$dual_state_global@P6AXH@Z@__crt_state_management@@A 00433c34     libucrt:signal.obj
 0003:00001c38       ?abort_action@@3V?$dual_state_global@P6AXH@Z@__crt_state_management@@A 00433c38     libucrt:signal.obj
 0003:00001c3c       ?term_action@@3V?$dual_state_global@P6AXH@Z@__crt_state_management@@A 00433c3c     libucrt:signal.obj
 0003:00001c4c       ?_tzname@@3V?$dual_state_global@PAPAD@__crt_state_management@@A 00433c4c     libucrt:timeset.obj
 0003:00001c50       ?w_tzname@@3V?$dual_state_global@PAPA_W@__crt_state_management@@A 00433c50     libucrt:timeset.obj
 0003:00001c58       ?tz_api_used@@3HA          00433c58     libucrt:tzset.obj
 0003:00001c5c       ?tzset_init_state@@3V?$dual_state_global@J@__crt_state_management@@A 00433c5c     libucrt:tzset.obj
 0003:00001c60       ?tz_info@@3U_TIME_ZONE_INFORMATION@@A 00433c60     libucrt:tzset.obj
 0003:00001d18       ?fSystemSet@@3HA           00433d18     libucrt:mbctype.obj
 0003:00001d1c       ?initialized@?1??__acrt_initialize_multibyte@@9@4_NA 00433d1c     libucrt:mbctype.obj
 0003:00001d28       ?internal_pst@?1??__mbrtoc32_utf8@__crt_mbstring@@YAIPA_UPBDIPAU_Mbstatet@@AAV__crt_cached_ptd_host@@@Z@4U3@A 00433d28     libucrt:mbrtoc32.obj
 0003:00001d30       ?internal_pst@?1??__c16rtomb_utf8@__crt_mbstring@@YAIPAD_SPAU_Mbstatet@@AAV__crt_cached_ptd_host@@@Z@4U3@A 00433d30     libucrt:c16rtomb.obj
 0003:00001d3c       __pmatherr_set             00433d3c     libucrt:libm_error.obj
